 MnpDxe

 Timestamp is 617b115c (Fri Oct 29 00:08:44 2021)

 Preferred load address is 0000000000000000

 Start         Length     Name                   Class
 0001:00000000 00000348H .data                   CODE
 0001:00000350 00000452H .rdata                  CODE
 0001:000007b0 00005782H .text                   CODE
 0001:00005f38 00000068H .bss                    CODE
 0002:00000000 00000360H .pdata                  DATA
 0003:00000000 000002e8H .xdata                  DATA

  Address         Publics by Value              Rva+Base               Lib:Object

 0000:00000000       __ImageBase                0000000000000000     <linker-defined>
 0001:00000000       gEfiManagedNetworkServiceBindingProtocolGuid 0000000000000280     MnpDxe:AutoGen.obj
 0001:00000010       gEfiSimpleNetworkProtocolGuid 0000000000000290     MnpDxe:AutoGen.obj
 0001:00000020       gEfiManagedNetworkProtocolGuid 00000000000002a0     MnpDxe:AutoGen.obj
 0001:00000030       gEfiVlanConfigProtocolGuid 00000000000002b0     MnpDxe:AutoGen.obj
 0001:00000040       gEfiDevicePathProtocolGuid 00000000000002c0     MnpDxe:AutoGen.obj
 0001:00000050       gEfiDevicePathUtilitiesProtocolGuid 00000000000002d0     MnpDxe:AutoGen.obj
 0001:00000060       gEfiHiiFontProtocolGuid    00000000000002e0     MnpDxe:AutoGen.obj
 0001:00000070       gEfiHiiStringProtocolGuid  00000000000002f0     MnpDxe:AutoGen.obj
 0001:00000080       gEfiHiiImageProtocolGuid   0000000000000300     MnpDxe:AutoGen.obj
 0001:00000090       gEfiHiiDatabaseProtocolGuid 0000000000000310     MnpDxe:AutoGen.obj
 0001:000000a0       gEfiHiiConfigRoutingProtocolGuid 0000000000000320     MnpDxe:AutoGen.obj
 0001:000000b0       gEfiDriverBindingProtocolGuid 0000000000000330     MnpDxe:AutoGen.obj
 0001:000000c0       gEfiComponentNameProtocolGuid 0000000000000340     MnpDxe:AutoGen.obj
 0001:000000d0       gEfiComponentName2ProtocolGuid 0000000000000350     MnpDxe:AutoGen.obj
 0001:000000e0       gEfiLoadedImageProtocolGuid 0000000000000360     MnpDxe:AutoGen.obj
 0001:000000f0       gEfiDpcProtocolGuid        0000000000000370     MnpDxe:AutoGen.obj
 0001:00000100       mVlanDevicePathTemplate    0000000000000380     MnpDxe:MnpVlan.obj
 0001:00000108       mVlanConfigProtocolTemplate 0000000000000388     MnpDxe:MnpVlan.obj
 0001:00000120       mMnpServiceBindingProtocol 00000000000003a0     MnpDxe:MnpConfig.obj
 0001:00000130       mMnpProtocolTemplate       00000000000003b0     MnpDxe:MnpConfig.obj
 0001:00000170       mMnpDefaultConfigData      00000000000003f0     MnpDxe:MnpConfig.obj
 0001:00000188       gMnpDriverBinding          0000000000000408     MnpDxe:MnpDriver.obj
 0001:000001b8       gMnpComponentName          0000000000000438     MnpDxe:ComponentName.obj
 0001:000001d0       gMnpComponentName2         0000000000000450     MnpDxe:ComponentName.obj
 0001:000001e8       mMnpDriverNameTable        0000000000000468     MnpDxe:ComponentName.obj
 0001:00000210       mStatusString              0000000000000490     BasePrintLib:PrintLibInternal.obj
 0001:00000350       _gUefiDriverRevision       00000000000005d0     MnpDxe:AutoGen.obj
 0001:00000358       ??_C@_1DG@GFGJNJFB@?$AAM?$AAN?$AAP?$AA?5?$AAN?$AAe?$AAt?$AAw?$AAo?$AAr?$AAk?$AA?5?$AAS?$AAe?$AAr?$AAv?$AAi?$AAc?$AAe?$AA?5?$AAD?$AAr?$AAi?$AAv?$AAe?$AAr?$AA?$AA@ 00000000000005d8     MnpDxe:ComponentName.obj
 0001:00000390       ??_C@_06DALJLGPG@eng?$DLen?$AA@ 0000000000000610     MnpDxe:ComponentName.obj
 0001:00000398       ??_C@_02LFNMGJAP@en?$AA@   0000000000000618     MnpDxe:ComponentName.obj
 0001:0000039c       ??_C@_03LKLGDMJI@eng?$AA@  000000000000061c     MnpDxe:ComponentName.obj
 0001:000003a0       ??_C@_1BE@MONNKLEH@?$AAM?$AAN?$AAP?$AA?5?$AA?$CI?$AAM?$AAA?$AAC?$AA?$DN?$AA?$AA@ 0000000000000620     MnpDxe:ComponentName.obj
 0001:000003b8       ??_C@_1M@BJCGLODJ@?$AA?$CF?$AA0?$AA2?$AAX?$AA?9?$AA?$AA@ 0000000000000638     MnpDxe:ComponentName.obj
 0001:000003d0       ??_C@_1EA@PKIDAHGD@?$AA?0?$AA?5?$AAP?$AAr?$AAo?$AAt?$AAo?$AAc?$AAo?$AAl?$AAT?$AAy?$AAp?$AAe?$AA?$DN?$AA0?$AAx?$AA?$CF?$AAX?$AA?0?$AA?5?$AAV?$AAl?$AAa?$AAn?$AAI?$AAd?$AA?$DN?$AA?$CF?$AAd?$AA?$CJ?$AA?$AA@ 0000000000000650     MnpDxe:ComponentName.obj
 0001:00000410       ??_C@_1CE@JLMJFNBP@?$AAM?$AAN?$AAP?$AA?5?$AA?$CI?$AAN?$AAo?$AAt?$AA?5?$AAs?$AAt?$AAa?$AAr?$AAt?$AAe?$AAd?$AA?$CJ?$AA?$AA@ 0000000000000690     MnpDxe:ComponentName.obj
 0001:00000438       ??_C@_0BB@MFGDFIJM@Compromised?5Data?$AA@ 00000000000006b8     BasePrintLib:PrintLibInternal.obj
 0001:00000450       ??_C@_0BB@KFJAMCOC@Invalid?5Language?$AA@ 00000000000006d0     BasePrintLib:PrintLibInternal.obj
 0001:00000468       ??_C@_0M@FKGOBENP@End?5of?5File?$AA@ 00000000000006e8     BasePrintLib:PrintLibInternal.obj
 0001:00000478       ??_C@_0O@GLPDOMCP@Reserved?5?$CI30?$CJ?$AA@ 00000000000006f8     BasePrintLib:PrintLibInternal.obj
 0001:00000488       ??_C@_0O@NMJOLAMF@Reserved?5?$CI29?$CJ?$AA@ 0000000000000708     BasePrintLib:PrintLibInternal.obj
 0001:00000498       ??_C@_0N@JEJDHPO@End?5of?5Media?$AA@ 0000000000000718     BasePrintLib:PrintLibInternal.obj
 0001:000004a8       ??_C@_09BOMAGJEG@CRC?5Error?$AA@ 0000000000000728     BasePrintLib:PrintLibInternal.obj
 0001:000004b8       ??_C@_0BD@KHMPCIOG@Security?5Violation?$AA@ 0000000000000738     BasePrintLib:PrintLibInternal.obj
 0001:000004d0       ??_C@_0BF@EHOBGFMI@Incompatible?5Version?$AA@ 0000000000000750     BasePrintLib:PrintLibInternal.obj
 0001:000004e8       ??_C@_0P@NCJHBCLM@Protocol?5Error?$AA@ 0000000000000768     BasePrintLib:PrintLibInternal.obj
 0001:000004f8       ??_C@_0L@DJKNJKHM@TFTP?5Error?$AA@ 0000000000000778     BasePrintLib:PrintLibInternal.obj
 0001:00000508       ??_C@_0L@LKIFCMNO@ICMP?5Error?$AA@ 0000000000000788     BasePrintLib:PrintLibInternal.obj
 0001:00000518       ??_C@_07LCKDCBKK@Aborted?$AA@ 0000000000000798     BasePrintLib:PrintLibInternal.obj
 0001:00000520       ??_C@_0BA@IGIBFFPH@Already?5started?$AA@ 00000000000007a0     BasePrintLib:PrintLibInternal.obj
 0001:00000530       ??_C@_0M@DCJFAFHJ@Not?5started?$AA@ 00000000000007b0     BasePrintLib:PrintLibInternal.obj
 0001:00000540       ??_C@_08PAFJCNGP@Time?5out?$AA@ 00000000000007c0     BasePrintLib:PrintLibInternal.obj
 0001:00000550       ??_C@_0L@IFPBNFC@No?5mapping?$AA@ 00000000000007d0     BasePrintLib:PrintLibInternal.obj
 0001:00000560       ??_C@_0M@ENKCBFEP@No?5Response?$AA@ 00000000000007e0     BasePrintLib:PrintLibInternal.obj
 0001:00000570       ??_C@_0O@NFHOBIDO@Access?5Denied?$AA@ 00000000000007f0     BasePrintLib:PrintLibInternal.obj
 0001:00000580       ??_C@_09CFCBFJND@Not?5Found?$AA@ 0000000000000800     BasePrintLib:PrintLibInternal.obj
 0001:00000590       ??_C@_0O@JNCJKCCD@Media?5changed?$AA@ 0000000000000810     BasePrintLib:PrintLibInternal.obj
 0001:000005a0       ??_C@_08KEGAJDNN@No?5Media?$AA@ 0000000000000820     BasePrintLib:PrintLibInternal.obj
 0001:000005b0       ??_C@_0M@HDLEPOFA@Volume?5Full?$AA@ 0000000000000830     BasePrintLib:PrintLibInternal.obj
 0001:000005c0       ??_C@_0P@EIOJGIF@Volume?5Corrupt?$AA@ 0000000000000840     BasePrintLib:PrintLibInternal.obj
 0001:000005d0       ??_C@_0BB@GOILNEAA@Out?5of?5Resources?$AA@ 0000000000000850     BasePrintLib:PrintLibInternal.obj
 0001:000005e8       ??_C@_0BA@LNEDDFNB@Write?5Protected?$AA@ 0000000000000868     BasePrintLib:PrintLibInternal.obj
 0001:000005f8       ??_C@_0N@HHEABDHO@Device?5Error?$AA@ 0000000000000878     BasePrintLib:PrintLibInternal.obj
 0001:00000608       ??_C@_09NKFGCIPN@Not?5Ready?$AA@ 0000000000000888     BasePrintLib:PrintLibInternal.obj
 0001:00000618       ??_C@_0BB@EGELJFOB@Buffer?5Too?5Small?$AA@ 0000000000000898     BasePrintLib:PrintLibInternal.obj
 0001:00000630       ??_C@_0BA@FLNMPMCF@Bad?5Buffer?5Size?$AA@ 00000000000008b0     BasePrintLib:PrintLibInternal.obj
 0001:00000640       ??_C@_0M@BEECMOIL@Unsupported?$AA@ 00000000000008c0     BasePrintLib:PrintLibInternal.obj
 0001:00000650       ??_C@_0BC@HOFHKGJN@Invalid?5Parameter?$AA@ 00000000000008d0     BasePrintLib:PrintLibInternal.obj
 0001:00000668       ??_C@_0L@PLPBEPPC@Load?5Error?$AA@ 00000000000008e8     BasePrintLib:PrintLibInternal.obj
 0001:00000678       ??_C@_0BD@IFJNJCCO@Warning?5Stale?5Data?$AA@ 00000000000008f8     BasePrintLib:PrintLibInternal.obj
 0001:00000690       ??_C@_0BJ@ODIPDGHB@Warning?5Buffer?5Too?5Small?$AA@ 0000000000000910     BasePrintLib:PrintLibInternal.obj
 0001:000006b0       ??_C@_0BG@ECIJMOED@Warning?5Write?5Failure?$AA@ 0000000000000930     BasePrintLib:PrintLibInternal.obj
 0001:000006c8       ??_C@_0BH@GKKCJEPJ@Warning?5Delete?5Failure?$AA@ 0000000000000948     BasePrintLib:PrintLibInternal.obj
 0001:000006e0       ??_C@_0BG@CFJMNNJK@Warning?5Unknown?5Glyph?$AA@ 0000000000000960     BasePrintLib:PrintLibInternal.obj
 0001:000006f8       ??_C@_07PBILKAFL@Success?$AA@ 0000000000000978     BasePrintLib:PrintLibInternal.obj
 0001:00000700       mHexStr                    0000000000000980     BasePrintLib:PrintLibInternal.obj
 0001:00000710       ??_C@_0O@MLOLIMFM@?$DMnull?5string?$DO?$AA@ 0000000000000990     BasePrintLib:PrintLibInternal.obj
 0001:00000720       ??_C@_0M@BJJDNPHK@?$DMnull?5guid?$DO?$AA@ 00000000000009a0     BasePrintLib:PrintLibInternal.obj
 0001:00000730       ??_C@_0DB@PMLHLBMO@?$CF08x?9?$CF04x?9?$CF04x?9?$CF02x?$CF02x?9?$CF02x?$CF02x@ 00000000000009b0     BasePrintLib:PrintLibInternal.obj
 0001:00000768       ??_C@_0M@LHGBCIKM@?$DMnull?5time?$DO?$AA@ 00000000000009e8     BasePrintLib:PrintLibInternal.obj
 0001:00000778       ??_C@_0BK@FCPKCIDD@?$CF02d?1?$CF02d?1?$CF04d?5?5?$CF02d?3?$CF02d?$AA@ 00000000000009f8     BasePrintLib:PrintLibInternal.obj
 0001:00000794       ??_C@_04JIMNDDED@?$CF08X?$AA@ 0000000000000a14     BasePrintLib:PrintLibInternal.obj
 0001:0000079c       ??_C@_02PCIJFNDE@?$AN?6?$AA@ 0000000000000a1c     BasePrintLib:PrintLibInternal.obj
 0001:000007a0       ??_C@_01LIIJDEN@?$AN?$AA@  0000000000000a20     BasePrintLib:PrintLibInternal.obj
 0001:000007b0       _DriverUnloadHandler       0000000000000a30 f   UefiDriverEntryPoint:DriverEntryPoint.obj
 0001:00000934       _ModuleEntryPoint          0000000000000bb4 f   UefiDriverEntryPoint:DriverEntryPoint.obj
 0001:000009d8       ProcessLibraryConstructorList 0000000000000c58 f   MnpDxe:AutoGen.obj
 0001:00000ad0       MnpDestroyServiceDataEntry 0000000000000d50 f   MnpDxe:MnpDriver.obj
 0001:00000adc       MnpDestroyServiceChildEntry 0000000000000d5c f   MnpDxe:MnpDriver.obj
 0001:00000ae8       MnpDriverBindingSupported  0000000000000d68 f   MnpDxe:MnpDriver.obj
 0001:00000b54       MnpDriverBindingStart      0000000000000dd4 f   MnpDxe:MnpDriver.obj
 0001:00000d88       MnpDriverBindingStop       0000000000001008 f   MnpDxe:MnpDriver.obj
 0001:00000f14       MnpServiceBindingCreateChild 0000000000001194 f   MnpDxe:MnpDriver.obj
 0001:000010dc       MnpServiceBindingDestroyChild 000000000000135c f   MnpDxe:MnpDriver.obj
 0001:000012b0       MnpAddFreeNbuf             0000000000001530 f   MnpDxe:MnpConfig.obj
 0001:00001384       MnpAllocNbuf               0000000000001604 f   MnpDxe:MnpConfig.obj
 0001:00001434       MnpFreeNbuf                00000000000016b4 f   MnpDxe:MnpConfig.obj
 0001:000014e8       MnpInitializeDeviceData    0000000000001768 f   MnpDxe:MnpConfig.obj
 0001:00001800       MnpDestroyDeviceData       0000000000001a80 f   MnpDxe:MnpConfig.obj
 0001:000018c8       MnpCreateServiceData       0000000000001b48 f   MnpDxe:MnpConfig.obj
 0001:00001a30       MnpDestroyServiceData      0000000000001cb0 f   MnpDxe:MnpConfig.obj
 0001:00001b10       MnpDestoryChildEntry       0000000000001d90 f   MnpDxe:MnpConfig.obj
 0001:00001b20       MnpDestroyServiceChild     0000000000001da0 f   MnpDxe:MnpConfig.obj
 0001:00001b74       MnpCancelTokens            0000000000001df4 f   MnpDxe:MnpConfig.obj
 0001:00001bf8       MnpStart                   0000000000001e78 f   MnpDxe:MnpConfig.obj
 0001:00001cd4       MnpFlushRcvdDataQueue      0000000000001f54 f   MnpDxe:MnpConfig.obj
 0001:00001d34       MnpConfigureInstance       0000000000001fb4 f   MnpDxe:MnpConfig.obj
 0001:00001f1c       MnpConfigReceiveFilters    000000000000219c f   MnpDxe:MnpConfig.obj
 0001:00002064       MnpGroupOpDelCtrlBlk       00000000000022e4 f   MnpDxe:MnpConfig.obj
 0001:000020d8       MnpGroupOp                 0000000000002358 f   MnpDxe:MnpConfig.obj
 0001:00002250       MnpComponentNameGetDriverName 00000000000024d0 f   MnpDxe:ComponentName.obj
 0001:00002284       UpdateName                 0000000000002504 f   MnpDxe:ComponentName.obj
 0001:000023f0       MnpComponentNameGetControllerName 0000000000002670 f   MnpDxe:ComponentName.obj
 0001:00002550       MnpCreateVlanChild         00000000000027d0 f   MnpDxe:MnpVlan.obj
 0001:00002624       MnpInsertVlanTag           00000000000028a4 f   MnpDxe:MnpVlan.obj
 0001:000026e4       MnpGetVlanVariable         0000000000002964 f   MnpDxe:MnpVlan.obj
 0001:000027c0       VlanConfigSet              0000000000002a40 f   MnpDxe:MnpVlan.obj
 0001:000029dc       VlanConfigFind             0000000000002c5c f   MnpDxe:MnpVlan.obj
 0001:00002b1c       VlanConfigRemove           0000000000002d9c f   MnpDxe:MnpVlan.obj
 0001:00002cb8       MnpGetModeData             0000000000002f38 f   MnpDxe:MnpMain.obj
 0001:00002d90       MnpConfigure               0000000000003010 f   MnpDxe:MnpMain.obj
 0001:00002e24       MnpMcastIpToMac            00000000000030a4 f   MnpDxe:MnpMain.obj
 0001:00002f74       MnpGroups                  00000000000031f4 f   MnpDxe:MnpMain.obj
 0001:000030fc       MnpTransmit                000000000000337c f   MnpDxe:MnpMain.obj
 0001:00003224       MnpReceive                 00000000000034a4 f   MnpDxe:MnpMain.obj
 0001:00003340       MnpCancel                  00000000000035c0 f   MnpDxe:MnpMain.obj
 0001:000033f4       MnpPoll                    0000000000003674 f   MnpDxe:MnpMain.obj
 0001:00003470       MnpBuildTxPacket           00000000000036f0 f   MnpDxe:MnpIo.obj
 0001:00003550       MnpSyncSendPacket          00000000000037d0 f   MnpDxe:MnpIo.obj
 0001:00003720       MnpInstanceDeliverPacket   00000000000039a0 f   MnpDxe:MnpIo.obj
 0001:000038c8       MnpRecycleRxData           0000000000003b48 f   MnpDxe:MnpIo.obj
 0001:00003924       MnpEnqueuePacket           0000000000003ba4 f   MnpDxe:MnpIo.obj
 0001:00003c24       MnpReceivePacket           0000000000003ea4 f   MnpDxe:MnpIo.obj
 0001:00003e78       MnpCheckPacketTimeout      00000000000040f8 f   MnpDxe:MnpIo.obj
 0001:00003f50       MnpCheckMediaStatus        00000000000041d0 f   MnpDxe:MnpIo.obj
 0001:00003f7c       MnpSystemPoll              00000000000041fc f   MnpDxe:MnpIo.obj
 0001:00003f9c       UnicodeSPrint              000000000000421c f   BasePrintLib:PrintLib.obj
 0001:00003fd0       BasePrintLibFillBuffer     0000000000004250 f   BasePrintLib:PrintLibInternal.obj
 0001:00004004       BasePrintLibConvertValueToString 0000000000004284 f   BasePrintLib:PrintLibInternal.obj
 0001:000041a8       BasePrintLibSPrintMarker   0000000000004428 f   BasePrintLib:PrintLibInternal.obj
 0001:00004e58       BasePrintLibSPrint         00000000000050d8 f   BasePrintLib:PrintLibInternal.obj
 0001:00004e7c       InternalAllocatePool       00000000000050fc f   UefiMemoryAllocationLib:MemoryAllocationLib.obj
 0001:00004eb0       AllocateZeroPool           0000000000005130 f   UefiMemoryAllocationLib:MemoryAllocationLib.obj
 0001:00004ed4       InternalAllocateCopyPool   0000000000005154 f   UefiMemoryAllocationLib:MemoryAllocationLib.obj
 0001:00004f14       DevicePathFromHandle       0000000000005194 f   UefiDevicePathLibDevicePathProtocol:UefiDevicePathLib.obj
 0001:00004f48       EfiTestChildHandle         00000000000051c8 f   UefiLib:UefiLib.obj
 0001:00004f9c       LookupUnicodeString2       000000000000521c f   UefiLib:UefiLib.obj
 0001:00005128       AddUnicodeString2          00000000000053a8 f   UefiLib:UefiLib.obj
 0001:000053d0       FreeUnicodeStringTable     0000000000005650 f   UefiLib:UefiLib.obj
 0001:00005448       NetDestroyLinkList         00000000000056c8 f   DxeNetLib:DxeNetLib.obj
 0001:000054f0       NetMapAllocItem            0000000000005770 f   DxeNetLib:DxeNetLib.obj
 0001:00005560       NetMapIterate              00000000000057e0 f   DxeNetLib:DxeNetLib.obj
 0001:000055bc       NetLibGetSnpHandle         000000000000583c f   DxeNetLib:DxeNetLib.obj
 0001:00005684       NetLibGetMacString         0000000000005904 f   DxeNetLib:DxeNetLib.obj
 0001:000058a0       NetbufAllocStruct          0000000000005b20 f   DxeNetLib:NetBuffer.obj
 0001:00005918       NetbufAlloc                0000000000005b98 f   DxeNetLib:NetBuffer.obj
 0001:000059a4       NetbufFreeVector           0000000000005c24 f   DxeNetLib:NetBuffer.obj
 0001:00005a24       NetbufGetByte              0000000000005ca4 f   DxeNetLib:NetBuffer.obj
 0001:00005a80       NetbufAllocSpace           0000000000005d00 f   DxeNetLib:NetBuffer.obj
 0001:00005bc0       NetbufTrim                 0000000000005e40 f   DxeNetLib:NetBuffer.obj
 0001:00005c74       NetbufCopy                 0000000000005ef4 f   DxeNetLib:NetBuffer.obj
 0001:00005dd8       NetbufQueFlush             0000000000006058 f   DxeNetLib:NetBuffer.obj
 0001:00005e60       InternalMemZeroMem         00000000000060e0 f   BaseMemoryLibRepStr:ZeroMem.obj
 0001:00005e80       InternalMemCompareMem      0000000000006100 f   BaseMemoryLibRepStr:CompareMem.obj
 0001:00005ea0       InternalMemCopyMem         0000000000006120 f   BaseMemoryLibRepStr:CopyMem.obj
 0001:00005ee0       InternalMemSetMem          0000000000006160 f   BaseMemoryLibRepStr:SetMem.obj
 0001:00005f00       InternalMemSetMem32        0000000000006180 f   BaseMemoryLibRepStr:SetMem32.obj
 0001:00005f20       InternalMemSetMem64        00000000000061a0 f   BaseMemoryLibRepStr:SetMem64.obj
 0001:00005f38       gMnpControllerNameTable    00000000000061b8     MnpDxe:ComponentName.obj
 0001:00005f40       gImageHandle               00000000000061c0     UefiBootServicesTableLib:UefiBootServicesTableLib.obj
 0001:00005f48       gST                        00000000000061c8     UefiBootServicesTableLib:UefiBootServicesTableLib.obj
 0001:00005f50       gBS                        00000000000061d0     UefiBootServicesTableLib:UefiBootServicesTableLib.obj
 0001:00005f58       gRT                        00000000000061d8     UefiRuntimeServicesTableLib:UefiRuntimeServicesTableLib.obj
 0001:00005f60       gHiiFont                   00000000000061e0     UefiHiiServicesLib:UefiHiiServicesLib.obj
 0001:00005f68       gHiiString                 00000000000061e8     UefiHiiServicesLib:UefiHiiServicesLib.obj
 0001:00005f70       gHiiImage                  00000000000061f0     UefiHiiServicesLib:UefiHiiServicesLib.obj
 0001:00005f78       gHiiDatabase               00000000000061f8     UefiHiiServicesLib:UefiHiiServicesLib.obj
 0001:00005f80       gHiiConfigRouting          0000000000006200     UefiHiiServicesLib:UefiHiiServicesLib.obj
 0001:00005f88       mUefiFormBrowser2          0000000000006208     UefiHiiLib:HiiLib.obj
 0001:00005f90       mDevicePathLibDevicePathUtilities 0000000000006210     UefiDevicePathLibDevicePathProtocol:UefiDevicePathLib.obj
 0001:00005f98       mDpc                       0000000000006218     <common>

 entry point at        0001:00000934

 Static symbols

