 Ntfs

 Timestamp is 617b1173 (Fri Oct 29 00:09:07 2021)

 Preferred load address is 0000000000000000

 Start         Length     Name                   Class
 0001:00000000 00000af8H .data                   CODE
 0001:00000b00 00004f62H .rdata                  CODE
 0001:00005a70 0003a242H .text                   CODE
 0001:0003fcc0 00000100H .bss                    CODE
 0002:00000000 0000159cH .pdata                  DATA
 0003:00000000 00000390H .xdata                  DATA

  Address         Publics by Value              Rva+Base               Lib:Object

 0000:00000000       __ImageBase                0000000000000000     <linker-defined>
 0001:00000000       gEfiGlobalVariableGuid     0000000000000280     Ntfs:AutoGen.obj
 0001:00000010       gEfiDiskIoProtocolGuid     0000000000000290     Ntfs:AutoGen.obj
 0001:00000020       gEfiBlockIoProtocolGuid    00000000000002a0     Ntfs:AutoGen.obj
 0001:00000030       gEfiSimpleFileSystemProtocolGuid 00000000000002b0     Ntfs:AutoGen.obj
 0001:00000040       gEfiUnicodeCollationProtocolGuid 00000000000002c0     Ntfs:AutoGen.obj
 0001:00000050       gEfiUnicodeCollation2ProtocolGuid 00000000000002d0     Ntfs:AutoGen.obj
 0001:00000060       gEfiDevicePathUtilitiesProtocolGuid 00000000000002e0     Ntfs:AutoGen.obj
 0001:00000070       gEfiDriverBindingProtocolGuid 00000000000002f0     Ntfs:AutoGen.obj
 0001:00000080       gEfiComponentNameProtocolGuid 0000000000000300     Ntfs:AutoGen.obj
 0001:00000090       gEfiComponentName2ProtocolGuid 0000000000000310     Ntfs:AutoGen.obj
 0001:000000a0       gEfiLoadedImageProtocolGuid 0000000000000320     Ntfs:AutoGen.obj
 0001:000000b0       gNtfsDriverBinding         0000000000000330     Ntfs:Ntfs.obj
 0001:000000e0       gNtfsComponentName         0000000000000360     Ntfs:ComponentName.obj
 0001:000000f8       gNtfsComponentName2        0000000000000378     Ntfs:ComponentName.obj
 0001:00000110       mNtfsDriverNameTable       0000000000000390     Ntfs:ComponentName.obj
 0001:00000130       mNtfsControllerNameTable   00000000000003b0     Ntfs:ComponentName.obj
 0001:00000150       NtfsFsLock                 00000000000003d0     Ntfs:Data.obj
 0001:00000170       NtfsFileInterface          00000000000003f0     Ntfs:Data.obj
 0001:000001e8       ntfs_home                  0000000000000468     Ntfs:volume.obj
 0001:00000230       FileSystemInfo             00000000000004b0     Ntfs:NtfsInfo.obj
 0001:00000240       GenericFileInfo            00000000000004c0     Ntfs:NtfsInfo.obj
 0001:00000250       FileSystemVolumeLabelInfo  00000000000004d0     Ntfs:NtfsInfo.obj
 0001:00000270       ntfs_device_uefi_io_ops    00000000000004f0     Ntfs:uefi_io.obj
 0001:000002c0       STREAM_SDS                 0000000000000540     Ntfs:attrib.obj
 0001:000002d0       TXF_DATA                   0000000000000550     Ntfs:attrib.obj
 0001:000002f0       NTFS_INDEX_I30             0000000000000570     Ntfs:dir.obj
 0001:00000300       NTFS_INDEX_SII             0000000000000580     Ntfs:dir.obj
 0001:00000310       NTFS_INDEX_SDH             0000000000000590     Ntfs:dir.obj
 0001:0000031c       NTFS_INDEX_O               000000000000059c     Ntfs:dir.obj
 0001:00000324       NTFS_INDEX_Q               00000000000005a4     Ntfs:dir.obj
 0001:0000032c       NTFS_INDEX_R               00000000000005ac     Ntfs:dir.obj
 0001:00000998       worldsid                   0000000000000c18     Ntfs:acls.obj
 0001:000009a0       adminsid                   0000000000000c20     Ntfs:acls.obj
 0001:000009c0       mStatusString              0000000000000c40     BasePrintLib:PrintLibInternal.obj
 0001:00000b00       _gPcd_FixedAtBuild_PcdComponentName2Disable 0000000000000d80     Ntfs:AutoGen.obj
 0001:00000b00       _gPcd_FixedAtBuild_PcdComponentNameDisable 0000000000000d80     Ntfs:AutoGen.obj
 0001:00000b00       ??_C@_00CNPNBAHC@?$AA@     0000000000000d80     Ntfs:UnicodeCollation.obj
 0001:00000b04       _gPcd_FixedAtBuild_PcdUefiLibMaxPrintBufferSize 0000000000000d84     Ntfs:AutoGen.obj
 0001:00000b08       _gUefiDriverRevision       0000000000000d88     Ntfs:AutoGen.obj
 0001:00000b0c       _gDxeRevision              0000000000000d8c     Ntfs:AutoGen.obj
 0001:00000b10       _gDriverUnloadImageCount   0000000000000d90     Ntfs:AutoGen.obj
 0001:00000b18       ??_C@_1CC@KLNJMPPM@?$AAN?$AAT?$AAF?$AAS?$AA?5?$AAF?$AAi?$AAl?$AAe?$AA?5?$AAS?$AAy?$AAs?$AAt?$AAe?$AAm?$AA?$AA@ 0000000000000d98     Ntfs:ComponentName.obj
 0001:00000b40       ??_C@_1DA@DDKOMDNN@?$AAN?$AAT?$AAF?$AAS?$AA?5?$AAF?$AAi?$AAl?$AAe?$AA?5?$AAS?$AAy?$AAs?$AAt?$AAe?$AAm?$AA?5?$AAD?$AAr?$AAi?$AAv?$AAe?$AAr?$AA?$AA@ 0000000000000dc0     Ntfs:ComponentName.obj
 0001:00000b70       ??_C@_06DALJLGPG@eng?$DLen?$AA@ 0000000000000df0     Ntfs:ComponentName.obj
 0001:00000b78       ??_C@_02LFNMGJAP@en?$AA@   0000000000000df8     Ntfs:ComponentName.obj
 0001:00000b7c       ??_C@_03LKLGDMJI@eng?$AA@  0000000000000dfc     Ntfs:ComponentName.obj
 0001:00000be8       ??_C@_0BB@JCEFLFJE@0123456789abcdef?$AA@ 0000000000000e68     Ntfs:Init.obj
 0001:00000c00       ??_C@_19BALNHBBC@?$AAL?$AAa?$AAn?$AAg?$AA?$AA@ 0000000000000e80     Ntfs:UnicodeCollation.obj
 0001:00000c10       ??_C@_1BK@GGGENMOA@?$AAP?$AAl?$AAa?$AAt?$AAf?$AAo?$AAr?$AAm?$AAL?$AAa?$AAn?$AAg?$AA?$AA@ 0000000000000e90     Ntfs:UnicodeCollation.obj
 0001:00000c2c       ??_C@_11LOCGONAA@?$AA?$AA@ 0000000000000eac     Ntfs:UnicodeCollation.obj
 0001:00000ce8       ??_C@_01KICIPPFI@?2?$AA@   0000000000000f68     Ntfs:NtfsOpenVolume.obj
 0001:00000cf0       ??_C@_0CO@JLLOLKED@Unexpected?5attrlist?5size?5?$CI?$CFl?5?$DM?$DO?5@ 0000000000000f70     Ntfs:inode.obj
 0001:00000d20       ??_C@_0CM@PJOHEGAL@Too?5large?5attrlist?5attribute?5?$CI?$CFl@ 0000000000000fa0     Ntfs:inode.obj
 0001:00000d50       ??_C@_0BF@FOCCDMMN@ntfs_inode_real_open?$AA@ 0000000000000fd0     Ntfs:inode.obj
 0001:00000d68       ??_C@_0DC@CIBENGDI@c?3?2vector?9edk?9master?2NtfsPkg?2Ntf@ 0000000000000fe8     Ntfs:inode.obj
 0001:00000da0       ??_C@_0CK@OACMFFMI@No?5STANDARD_INFORMATION?5in?5base?5@ 0000000000001020     Ntfs:inode.obj
 0001:00000dd0       ??_C@_0CI@LLDIPNAB@Found?5stale?5extent?5mft?5reference@ 0000000000001050     Ntfs:inode.obj
 0001:00000df8       ??_C@_02DKCKIIND@?$CFs?$AA@ 0000000000001078     Ntfs:inode.obj
 0001:00000e00       ??_C@_0BH@GCBECCFJ@ntfs_extent_inode_open?$AA@ 0000000000001080     Ntfs:inode.obj
 0001:00000e18       ??_C@_0CL@PEDEGEFL@Extent?5MFT?5record?5sync?5failed?0?5i@ 0000000000001098     Ntfs:inode.obj
 0001:00000e48       ??_C@_0CB@GBAPJOOF@MFT?5record?5sync?5failed?0?5inode?5?$CFl@ 00000000000010c8     Ntfs:inode.obj
 0001:00000e70       ??_C@_0CN@LBFMKILK@Attribute?5list?5sync?5failed?5?$CIwrit@ 00000000000010f0     Ntfs:inode.obj
 0001:00000ea0       ??_C@_0CM@HNILLEAG@Attribute?5list?5sync?5failed?5?$CIopen@ 0000000000001120     Ntfs:inode.obj
 0001:00000ed0       ??_C@_0BH@MEOPPINA@ntfs_inode_sync_in_dir?$AA@ 0000000000001150     Ntfs:inode.obj
 0001:00000ee8       ??_C@_0CE@KACECAIF@Failed?5to?5sync?5FILE_NAME?5?$CIinode?5@ 0000000000001168     Ntfs:inode.obj
 0001:00000f10       ??_C@_0CF@FEOEMAEE@ntfs_inode_sync_standard_informa@ 0000000000001190     Ntfs:inode.obj
 0001:00000f38       ??_C@_0CI@KLMDMAOA@Failed?5to?5sync?5standard?5info?5?$CIin@ 00000000000011b8     Ntfs:inode.obj
 0001:00000f60       ??_C@_0CC@CDBNOFJL@Attribute?5lookup?5failed?0?5inode?5?$CF@ 00000000000011e0     Ntfs:inode.obj
 0001:00000f88       ??_C@_0BO@LDLBKMCI@Index?5lookup?5failed?0?5inode?5?$CFl?$AA@ 0000000000001208     Ntfs:inode.obj
 0001:00000fa8       ??_C@_0CC@EDJHLHEP@Failed?5to?5get?5index?5ctx?0?5inode?5?$CF@ 0000000000001228     Ntfs:inode.obj
 0001:00000fd0       ??_C@_0BK@PFCKABAC@ntfs_inode_sync_file_name?$AA@ 0000000000001250     Ntfs:inode.obj
 0001:00000ff0       ??_C@_0CD@EJKPLJEJ@Failed?5to?5open?5inode?5?$CFl?5with?5ind@ 0000000000001270     Ntfs:inode.obj
 0001:00001018       ??_C@_0BN@GOIEJNHF@Rollback?5failed?5to?5find?5attr?$AA@ 0000000000001298     Ntfs:inode.obj
 0001:00001038       ??_C@_0CC@OLFHACFM@Rollback?5failed?5to?5move?5attribut@ 00000000000012b8     Ntfs:inode.obj
 0001:00001060       ??_C@_0CB@FLMHCCCD@Rollback?5failed?5to?5find?5attrlist@ 00000000000012e0     Ntfs:inode.obj
 0001:00001088       ??_C@_0CD@BENNENDJ@Rollback?5failed?5to?5remove?5attrli@ 0000000000001308     Ntfs:inode.obj
 0001:000010b0       ??_C@_0CM@HBKKEIME@Failed?5to?5resize?5just?5added?5$ATT@ 0000000000001330     Ntfs:inode.obj
 0001:000010e0       ??_C@_0CK@HOKCHFHP@Failed?5to?5open?5just?5added?5$ATTRI@ 0000000000001360     Ntfs:inode.obj
 0001:00001110       ??_C@_0CE@PBACICJG@Couldn?8t?5add?5$ATTRIBUTE_LIST?5to?5@ 0000000000001390     Ntfs:inode.obj
 0001:00001138       ??_C@_0CC@NENCJIDC@Failed?5to?5free?5space?5for?5attrlis@ 00000000000013b8     Ntfs:inode.obj
 0001:00001160       ??_C@_0CG@NFGKGKFE@?$CFs?3?5Attribute?5lookup?5failed?0?5ino@ 00000000000013e0     Ntfs:inode.obj
 0001:00001188       ??_C@_0BL@PNGDICEN@Failed?5to?5realloc?5?$CFd?5bytes?$AA@ 0000000000001408     Ntfs:inode.obj
 0001:000011a8       ??_C@_0BP@DFKADCPE@Attribute?5list?5already?5present?$AA@ 0000000000001428     Ntfs:inode.obj
 0001:000011c8       ??_C@_0CB@OONNHIKC@Inode?5already?5has?5attribute?5list@ 0000000000001448     Ntfs:inode.obj
 0001:000011f0       ??_C@_0BI@FDKLIPEL@ntfs_inode_add_attrlist?$AA@ 0000000000001470     Ntfs:inode.obj
 0001:00001208       ??_C@_0CA@OKONHJIK@Failed?5to?5move?5out?5attribute?5?$CD2?$AA@ 0000000000001488     Ntfs:inode.obj
 0001:00001228       ??_C@_0BC@KGABOHJD@?$CFs?3?5ni?$DN?$CFp?5size?$DN?$CFd?$AA@ 00000000000014a8     Ntfs:inode.obj
 0001:00001240       ??_C@_0BG@JHFBKCMI@ntfs_inode_free_space?$AA@ 00000000000014c0     Ntfs:inode.obj
 0001:00001260       ??_C@_0KH@POJBMCIC@Please?5check?5?8?$CFs?8?5and?5the?5ntfs?93@ 00000000000014e0     Ntfs:volume.obj
 0001:00001310       ??_C@_0PF@PNEJIEJ@Either?5the?5device?5is?5missing?5or?5@ 0000000000001590     Ntfs:volume.obj
 0001:00001410       ??_C@_0NE@LBKBIIIJ@Mount?5is?5denied?5because?5the?5NTFS@ 0000000000001690     Ntfs:volume.obj
 0001:000014f0       ??_C@_0HD@NICKBLJD@Write?5access?5is?5denied?5because?5t@ 0000000000001770     Ntfs:volume.obj
 0001:00001570       ??_C@_0LD@CHDEGCND@The?5NTFS?5partition?5is?5in?5an?5unsa@ 00000000000017f0     Ntfs:volume.obj
 0001:00001630       ??_C@_0BLG@ENHHJONC@NTFS?5is?5either?5inconsistent?0?5or?5@ 00000000000018b0     Ntfs:volume.obj
 0001:000017f0       ??_C@_0LG@GMNALJDA@The?5device?5?8?$CFs?8?5doesn?8t?5seem?5to?5@ 0000000000001a70     Ntfs:volume.obj
 0001:000018a8       ??_C@_0DD@LNEFKOEB@News?0?5support?5and?5information?3?5?5@ 0000000000001b28     Ntfs:volume.obj
 0001:000018e0       ??_C@_0BI@PPJJJMHN@Failed?5to?5load?5$MFTMirr?$AA@ 0000000000001b60     Ntfs:volume.obj
 0001:000018f8       ??_C@_0BE@DPGJMJCK@Failed?5to?5load?5$MFT?$AA@ 0000000000001b78     Ntfs:volume.obj
 0001:00001910       ??_C@_0BJ@ECKHEBOG@Error?5reading?5bootsector?$AA@ 0000000000001b90     Ntfs:volume.obj
 0001:00001930       ??_C@_0BD@JFDLFFM@Error?5opening?5?8?$CFs?8?$AA@ 0000000000001bb0     Ntfs:volume.obj
 0001:00001948       ??_C@_0CB@MHLIBPJB@Can?5only?5open?5?8?$CFs?8?5as?5read?9only?6@ 0000000000001bc8     Ntfs:volume.obj
 0001:00001970       ??_C@_0BN@OIMJKDGO@Error?5opening?5read?9only?5?8?$CFs?8?$AA@ 0000000000001bf0     Ntfs:volume.obj
 0001:00001990       ??_C@_0DD@CEGMFINP@c?3?2vector?9edk?9master?2NtfsPkg?2Ntf@ 0000000000001c10     Ntfs:volume.obj
 0001:000019c8       ??_C@_0N@HBDMLCHD@?$CFs?3?5dev?5?$DN?5?$CFp?$AA@ 0000000000001c48     Ntfs:volume.obj
 0001:000019d8       ??_C@_0BE@PLGKOOFB@ntfs_volume_startup?$AA@ 0000000000001c58     Ntfs:volume.obj
 0001:000019f0       ??_C@_0BM@BGLNODK@Failed?5to?5open?5$MFT?1$BITMAP?$AA@ 0000000000001c70     Ntfs:volume.obj
 0001:00001a10       ??_C@_0CH@FENGONPJ@ntfs_mapping_pairs_decompress?$CI?$CJ?5@ 0000000000001c90     Ntfs:volume.obj
 0001:00001a38       ??_C@_0BO@PBEGDNDK@Failed?5to?5open?5ntfs?5attribute?$AA@ 0000000000001cb8     Ntfs:volume.obj
 0001:00001a58       ??_C@_0BD@FGLIKCCN@Error?5reading?5$MFT?$AA@ 0000000000001cd8     Ntfs:volume.obj
 0001:00001a70       ??_C@_0O@NCKLJJCE@ntfs_mft_load?$AA@ 0000000000001cf0     Ntfs:volume.obj
 0001:00001a80       ??_C@_0CB@MLOKNLDD@Error?5allocating?5memory?5for?5$MFT@ 0000000000001d00     Ntfs:volume.obj
 0001:00001aa8       ??_C@_0CI@IAAKJJDJ@Failed?5to?5map?5runlist?5of?5$MFTMir@ 0000000000001d28     Ntfs:volume.obj
 0001:00001ad0       ??_C@_0BO@LCKOJBDA@Failed?5to?5open?5$MFTMirr?1$DATA?$AA@ 0000000000001d50     Ntfs:volume.obj
 0001:00001af0       ??_C@_0BC@HGBLFNOM@ntfs_mftmirr_load?$AA@ 0000000000001d70     Ntfs:volume.obj
 0001:00001b08       ??_C@_0BO@KDPIDHLL@Failed?5to?5open?5inode?5$MFTMirr?$AA@ 0000000000001d88     Ntfs:volume.obj
 0001:00001b28       ??_C@_04EMNBGKKF@HIBR?$AA@ 0000000000001da8     Ntfs:volume.obj
 0001:00001b30       ??_C@_04IAOLIINN@hibr?$AA@ 0000000000001db0     Ntfs:volume.obj
 0001:00001b38       ??_C@_0BM@EEOPPKMK@Failed?5to?5read?5hiberfil?4sys?$AA@ 0000000000001db8     Ntfs:volume.obj
 0001:00001b58       ??_C@_0BM@BBKCDHKC@ntfs_volume_check_hiberfile?$AA@ 0000000000001dd8     Ntfs:volume.obj
 0001:00001b78       ??_C@_0CL@MGHHNHPH@Failed?5to?5open?5hiberfil?4sys?5data@ 0000000000001df8     Ntfs:volume.obj
 0001:00001ba8       ??_C@_0BE@FCGCHLCM@ntfs_hiberfile_open?$AA@ 0000000000001e28     Ntfs:volume.obj
 0001:00001bc0       ??_C@_0CL@IPHMFDJC@Couldn?8t?5convert?5?8hiberfil?4sys?8?5@ 0000000000001e40     Ntfs:volume.obj
 0001:00001bf0       ??_C@_0N@NPHGGFJP@hiberfil?4sys?$AA@ 0000000000001e70     Ntfs:volume.obj
 0001:00001c00       ??_C@_0DK@OALAOLPN@The?5file?5system?5wasn?8t?5safely?5cl@ 0000000000001e80     Ntfs:volume.obj
 0001:00001c40       ??_C@_0BJ@NEEDEGGK@Failed?5to?5close?5$AttrDef?$AA@ 0000000000001ec0     Ntfs:volume.obj
 0001:00001c60       ??_C@_0BI@NIDHDHKE@Failed?5to?5open?5$AttrDef?$AA@ 0000000000001ee0     Ntfs:volume.obj
 0001:00001c78       ??_C@_0DF@MDJDMDLP@Volume?5name?5could?5not?5be?5convert@ 0000000000001ef8     Ntfs:volume.obj
 0001:00001cb0       ??_C@_0DD@GOCBGLMH@Failed?5to?5lookup?5of?5$VOLUME_NAME@ 0000000000001f30     Ntfs:volume.obj
 0001:00001ce8       ??_C@_0DD@HPAFIAFL@$VOLUME_INFORMATION?5attribute?5no@ 0000000000001f68     Ntfs:volume.obj
 0001:00001d20       ??_C@_0CB@DGAKMANC@Failed?5to?5open?5inode?5FILE_Volume@ 0000000000001fa0     Ntfs:volume.obj
 0001:00001d48       ??_C@_0BI@CECONJDH@Failed?5to?5close?5$UpCase?$AA@ 0000000000001fc8     Ntfs:volume.obj
 0001:00001d60       ??_C@_0CB@HPDAJMGG@Failed?5to?5open?5inode?5FILE_UpCase@ 0000000000001fe0     Ntfs:volume.obj
 0001:00001d88       ??_C@_0CB@IIFACHFB@Failed?5to?5open?5inode?5FILE_Bitmap@ 0000000000002008     Ntfs:volume.obj
 0001:00001db0       ??_C@_0L@EPAFLGCK@mft?5record?$AA@ 0000000000002030     Ntfs:volume.obj
 0001:00001dc0       ??_C@_0M@JOHNLLKO@system?5file?$AA@ 0000000000002040     Ntfs:volume.obj
 0001:00001dd0       ??_C@_07FFNBJAPP@$Extend?$AA@ 0000000000002050     Ntfs:volume.obj
 0001:00001dd8       ??_C@_07EPNKHMPP@$UpCase?$AA@ 0000000000002058     Ntfs:volume.obj
 0001:00001de0       ??_C@_07GAGJFPBG@$Secure?$AA@ 0000000000002060     Ntfs:volume.obj
 0001:00001de8       ??_C@_08CLHMBNNP@$BadClus?$AA@ 0000000000002068     Ntfs:volume.obj
 0001:00001df4       ??_C@_05JLKOMFOP@$Boot?$AA@ 0000000000002074     Ntfs:volume.obj
 0001:00001e00       ??_C@_07LILKMHMI@$Bitmap?$AA@ 0000000000002080     Ntfs:volume.obj
 0001:00001e08       ??_C@_0P@IDCEFCLI@root?5directory?$AA@ 0000000000002088     Ntfs:volume.obj
 0001:00001e18       ??_C@_08EBJHPIEN@$AttrDef?$AA@ 0000000000002098     Ntfs:volume.obj
 0001:00001e28       ??_C@_07GOACAEL@$Volume?$AA@ 00000000000020a8     Ntfs:volume.obj
 0001:00001e30       ??_C@_08BIAMFEHE@$LogFile?$AA@ 00000000000020b0     Ntfs:volume.obj
 0001:00001e40       ??_C@_08GIIGGGFL@$MFTMirr?$AA@ 00000000000020c0     Ntfs:volume.obj
 0001:00001e4c       ??_C@_04MOCCGIOE@$MFT?$AA@ 00000000000020cc     Ntfs:volume.obj
 0001:00001e58       ??_C@_0BI@GIOPJDLH@Failed?5to?5read?5$MFTMirr?$AA@ 00000000000020d8     Ntfs:volume.obj
 0001:00001e70       ??_C@_0BC@OKIFEIFO@ntfs_device_mount?$AA@ 00000000000020f0     Ntfs:volume.obj
 0001:00001e88       ??_C@_0BE@JDCAPCOP@Failed?5to?5read?5$MFT?$AA@ 0000000000002108     Ntfs:volume.obj
 0001:00001ea0       ??_C@_0CD@PHDMEPKN@Failed?5to?5open?5$FILE_LogFile?1$DA@ 0000000000002120     Ntfs:volume.obj
 0001:00001ec8       ??_C@_0BK@BCDHEIJD@ntfs_volume_check_logfile?$AA@ 0000000000002148     Ntfs:volume.obj
 0001:00001ee8       ??_C@_0CC@JBOPJFHE@Failed?5to?5open?5inode?5FILE_LogFil@ 0000000000002168     Ntfs:volume.obj
 0001:00001f10       ??_C@_0BF@NHDGNNC@Failed?5to?5close?5root?$AA@ 0000000000002190     Ntfs:volume.obj
 0001:00001f28       ??_C@_0N@OAOKIEJE@fix_txf_data?$AA@ 00000000000021a8     Ntfs:volume.obj
 0001:00001f38       ??_C@_0BO@GGIDPNIC@Failed?5to?5open?5root?5directory?$AA@ 00000000000021b8     Ntfs:volume.obj
 0001:00001f58       ??_C@_0BD@DKGGHFJC@ntfs_logfile_reset?$AA@ 00000000000021d8     Ntfs:volume.obj
 0001:00001f70       ??_C@_0CF@EMKBOKCL@Failed?5to?5calculate?5free?5MFT?5rec@ 00000000000021f0     Ntfs:volume.obj
 0001:00001f98       ??_C@_0BL@CLHODNMD@ntfs_volume_get_free_space?$AA@ 0000000000002218     Ntfs:volume.obj
 0001:00001fb8       ??_C@_0BM@NPEMFBFK@Failed?5to?5read?5NTFS?5$Bitmap?$AA@ 0000000000002238     Ntfs:volume.obj
 0001:00001fe0       ??_C@_0BDN@LNPHMCIK@HINTS?3?5Either?5the?5volume?5is?5a?5RA@ 0000000000002260     Ntfs:bootsect.obj
 0001:00002120       ??_C@_0BH@DMFAKNGF@ntfs_boot_sector_parse?$AA@ 00000000000023a0     Ntfs:bootsect.obj
 0001:00002138       ??_C@_0DF@KOFHOIKL@c?3?2vector?9edk?9master?2NtfsPkg?2Ntf@ 00000000000023b8     Ntfs:bootsect.obj
 0001:00002170       ??_C@_0CA@COBEDFCG@Failed?5to?5read?5last?5sector?5?$CI?$CFl?$CJ?$AA@ 00000000000023f0     Ntfs:bootsect.obj
 0001:00002190       ??_C@_19ENNDBEJL@?$AAN?$AAT?$AAF?$AAS?$AA?$AA@ 0000000000002410     Ntfs:NtfsInfo.obj
 0001:0000219c       ??_C@_02DJGKEECL@?4?4?$AA@ 000000000000241c     Ntfs:NtfsOpen.obj
 0001:000021a0       ??_C@_01LFCBOECM@?4?$AA@   0000000000002420     Ntfs:NtfsOpen.obj
 0001:000021a4       ??_C@_13JOFGPIOO@?$AA?4?$AA?$AA@ 0000000000002424     Ntfs:NtfsOpen.obj
 0001:000021a8       ??_C@_01KMDKNFGN@?1?$AA@   0000000000002428     Ntfs:NtfsOpen.obj
 0001:000021b0       ??_C@_0BO@JKDHOJNM@NtfsOpen?3?5FileName?5is?5null?$CB?6?$AN?$AA@ 0000000000002430     Ntfs:NtfsOpen.obj
 0001:000021d0       ??_C@_0CA@JJGFAKME@Cleaning?5up?5orphaned?5file?5?$EA?5?$CFp?6?$AA@ 0000000000002450     Ntfs:ntfsinternal.obj
 0001:000021f0       ??_C@_0BB@OJOFOBHE@ntfsDeinitVolume?$AA@ 0000000000002470     Ntfs:ntfsinternal.obj
 0001:00002208       ??_C@_0DJ@FLDOLLAC@c?3?2vector?9edk?9master?2NtfsPkg?2Ntf@ 0000000000002488     Ntfs:ntfsinternal.obj
 0001:00002248       ??_C@_0CF@JCBLHACD@Cleaning?5up?5orphaned?5directory?5?$EA@ 00000000000024c8     Ntfs:ntfsinternal.obj
 0001:00002270       ??_C@_0BK@LHALELIA@read?5failure?5?$EA?5sector?5?$CFx?6?$AA@ 00000000000024f0     Ntfs:uefi_io.obj
 0001:00002290       ??_C@_0BP@LAJPEMLJ@device?5is?5busy?5?$CIalready?5open?$CJ?6?$AA@ 0000000000002510     Ntfs:uefi_io.obj
 0001:000022b0       ??_C@_0BJ@LMHIOBC@ntfs_device_uefi_io_open?$AA@ 0000000000002530     Ntfs:uefi_io.obj
 0001:000022d0       ??_C@_0DE@MAJHCKPK@c?3?2vector?9edk?9master?2NtfsPkg?2Ntf@ 0000000000002550     Ntfs:uefi_io.obj
 0001:00002308       ??_C@_0BC@MNOGMABB@dev?5?$CFp?0?5flags?5?$CFi?6?$AA@ 0000000000002588     Ntfs:uefi_io.obj
 0001:00002320       ??_C@_0CA@EJGMBGAN@device?5is?5dirty?0?5will?5now?5sync?6?$AA@ 00000000000025a0     Ntfs:uefi_io.obj
 0001:00002340       ??_C@_0BE@POIFKNJP@device?5is?5not?5open?6?$AA@ 00000000000025c0     Ntfs:uefi_io.obj
 0001:00002358       ??_C@_0BK@ECKJEDJL@ntfs_device_uefi_io_close?$AA@ 00000000000025d8     Ntfs:uefi_io.obj
 0001:00002378       ??_C@_07DCLKPDJL@dev?5?$CFp?6?$AA@ 00000000000025f8     Ntfs:uefi_io.obj
 0001:00002380       ??_C@_0BJ@LEGHKHHJ@ntfs_device_uefi_io_seek?$AA@ 0000000000002600     Ntfs:uefi_io.obj
 0001:000023a0       ??_C@_0BP@GAKONEJB@dev?5?$CFp?0?5offset?5?$CFli?0?5whence?5?$CFi?6?$AA@ 0000000000002620     Ntfs:uefi_io.obj
 0001:000023c0       ??_C@_0DH@PLBDPODH@buffered?5read?5failure?5?$EA?5sector?5?$CF@ 0000000000002640     Ntfs:uefi_io.obj
 0001:000023f8       ??_C@_0CP@BOBJBEFL@count?3?5?$CFd?5?5sec_count?3?$CFd?5?5fd?9?$DOsec@ 0000000000002678     Ntfs:uefi_io.obj
 0001:00002428       ??_C@_0DC@NFPFKCK@buffered?5read?5from?5sector?5?$CFd?5?$CI?$CFd@ 00000000000026a8     Ntfs:uefi_io.obj
 0001:00002460       ??_C@_0DF@LANMAPLE@direct?5read?5failure?5?$EA?5sector?5?$CFd?5@ 00000000000026e0     Ntfs:uefi_io.obj
 0001:00002498       ??_C@_0DA@LAPMMMBH@direct?5read?5from?5sector?5?$CFd?5?$CI?$CFd?5s@ 0000000000002718     Ntfs:uefi_io.obj
 0001:000024c8       ??_C@_05HFINOOKG@EROFS?$AA@ 0000000000002748     Ntfs:uefi_io.obj
 0001:000024d0       ??_C@_05MBIDDMGN@EBADF?$AA@ 0000000000002750     Ntfs:uefi_io.obj
 0001:000024d8       ??_C@_0BO@GLCCDIOM@ntfs_device_uefi_io_readbytes?$AA@ 0000000000002758     Ntfs:uefi_io.obj
 0001:000024f8       ??_C@_0BP@ODINJLII@dev?5?$CFp?0?5offset?5?$CFli?0?5count?5?$CFli?6?$AA@ 0000000000002778     Ntfs:uefi_io.obj
 0001:00002518       ??_C@_0CE@EOHKBMCM@buffered?5write?5failure?5?$EA?5sector?5@ 0000000000002798     Ntfs:uefi_io.obj
 0001:00002540       ??_C@_0DB@FPEIEION@buffered?5write?5to?5sector?5?$CFd?5?$CI?$CFd?5@ 00000000000027c0     Ntfs:uefi_io.obj
 0001:00002578       ??_C@_0BK@KCDHBBJE@read?5failure?5?$EA?5sector?5?$CFd?6?$AA@ 00000000000027f8     Ntfs:uefi_io.obj
 0001:00002598       ??_C@_0DG@PBCDKBDM@direct?5write?5failure?5?$EA?5sector?5?$CFd@ 0000000000002818     Ntfs:uefi_io.obj
 0001:000025d0       ??_C@_0CP@EBCMGJBN@direct?5write?5to?5sector?5?$CFd?5?$CI?$CFd?5se@ 0000000000002850     Ntfs:uefi_io.obj
 0001:00002600       ??_C@_0BP@HKKLOEOB@ntfs_device_uefi_io_writebytes?$AA@ 0000000000002880     Ntfs:uefi_io.obj
 0001:00002620       ??_C@_0BN@HLIEHBJ@dev?5?$CFp?0?5offset?5?$CFl?0?5count?5?$CFl?6?$AA@ 00000000000028a0     Ntfs:uefi_io.obj
 0001:00002640       ??_C@_0M@PPAPHNNL@failed?5I?1O?$CB?$AA@ 00000000000028c0     Ntfs:uefi_io.obj
 0001:00002650       ??_C@_0DC@JBBNLGML@ntfs_device_uefi_io_readsectors?5@ 00000000000028d0     Ntfs:uefi_io.obj
 0001:00002688       ??_C@_0CA@MAFNFKGO@ntfs_device_uefi_io_readsectors?$AA@ 0000000000002908     Ntfs:uefi_io.obj
 0001:000026a8       ??_C@_0CL@JELJDIJP@ntfs_device_uefi_io_readsectors?5@ 0000000000002928     Ntfs:uefi_io.obj
 0001:000026d8       ??_C@_0DD@MFEBADCB@ntfs_device_uefi_io_writesectors@ 0000000000002958     Ntfs:uefi_io.obj
 0001:00002710       ??_C@_0CB@PKJGKLFF@ntfs_device_uefi_io_writesectors@ 0000000000002990     Ntfs:uefi_io.obj
 0001:00002738       ??_C@_0CD@DOPBNCHM@ntfs_device_uefi_io_writesectors@ 00000000000029b8     Ntfs:uefi_io.obj
 0001:00002760       ??_C@_0CL@JELPKEFI@ntfs_device_uefi_io_sync?5cache?5e@ 00000000000029e0     Ntfs:uefi_io.obj
 0001:00002790       ??_C@_0BJ@GKCECKLH@ntfs_device_uefi_io_sync?$AA@ 0000000000002a10     Ntfs:uefi_io.obj
 0001:000027b0       ??_C@_0BJ@JGJBDBMB@ntfs_device_uefi_io_stat?$AA@ 0000000000002a30     Ntfs:uefi_io.obj
 0001:000027d0       ??_C@_0BA@INHOOGPN@dev?5?$CFp?0?5buf?5?$CFp?6?$AA@ 0000000000002a50     Ntfs:uefi_io.obj
 0001:000027e0       ??_C@_0BJ@MNEIMAPD@Unimplemented?5ioctrl?5?$CFi?6?$AA@ 0000000000002a60     Ntfs:uefi_io.obj
 0001:00002800       ??_C@_0BK@DKMJAIFJ@ntfs_device_uefi_io_ioctl?$AA@ 0000000000002a80     Ntfs:uefi_io.obj
 0001:00002820       ??_C@_0BN@FFOGHHHM@dev?5?$CFp?0?5request?5?$CFi?0?5argp?5?$CFp?6?$AA@ 0000000000002aa0     Ntfs:uefi_io.obj
 0001:00002840       ??_C@_1CI@BHBEFHKG@?$AAi?$AAn?$AAv?$AAa?$AAl?$AAi?$AAd?$AA?5?$AAp?$AAo?$AAi?$AAn?$AAt?$AAe?$AAr?$AA?5?$AA?$CF?$AAx?$AA?6?$AA?$AA@ 0000000000002ac0     Ntfs:libc.obj
 0001:00002868       ??_C@_0BJ@LHMNBLHI@ntfs_get_attribute_value?$AA@ 0000000000002ae8     Ntfs:attrib.obj
 0001:00002888       ??_C@_0DD@OMHPCGHC@c?3?2vector?9edk?9master?2NtfsPkg?2Ntf@ 0000000000002b08     Ntfs:attrib.obj
 0001:000028c0       ??_C@_0BO@CCDCPGHO@Error?5reading?5attribute?5value?$AA@ 0000000000002b40     Ntfs:attrib.obj
 0001:000028e0       ??_C@_0DG@PGECHLMH@Compressed?5inode?5?$CFl?5attr?50x?$CFx?5ha@ 0000000000002b60     Ntfs:attrib.obj
 0001:00002918       ??_C@_0P@JKEGPEIK@ntfs_attr_open?$AA@ 0000000000002b98     Ntfs:attrib.obj
 0001:00002928       ??_C@_0DE@DHJHFOPP@Inode?5?$CFl?5has?5corrupt?5attribute?5f@ 0000000000002ba8     Ntfs:attrib.obj
 0001:00002960       ??_C@_0EM@HFGBAIBM@Failed?5to?5load?5full?5runlist?3?5ino@ 0000000000002be0     Ntfs:attrib.obj
 0001:000029b0       ??_C@_0CM@CELJODC@Couldn?8t?5find?5attribute?5for?5runl@ 0000000000002c30     Ntfs:attrib.obj
 0001:000029e0       ??_C@_0CG@ELBPLDFL@Inode?5?$CFllu?5has?5corrupt?5attribute@ 0000000000002c60     Ntfs:attrib.obj
 0001:00002a08       ??_C@_0BM@GNGHBEAM@ntfs_attr_map_whole_runlist?$AA@ 0000000000002c88     Ntfs:attrib.obj
 0001:00002a28       ??_C@_0DN@POHKMMPO@First?5extent?5of?5inode?5?$CFllu?5attri@ 0000000000002ca8     Ntfs:attrib.obj
 0001:00002a68       ??_C@_0CC@CPIBGPAE@?$CFs?3?5na?$DN?$CFp?5?5b?$DN?$CFp?5?5pos?$DN?$CFl?5?5count?$DN?$CF@ 0000000000002ce8     Ntfs:attrib.obj
 0001:00002a90       ??_C@_0BA@IPHKCGHK@ntfs_attr_pread?$AA@ 0000000000002d10     Ntfs:attrib.obj
 0001:00002aa0       ??_C@_0BG@LNMHDNGM@?$CFs?3?5ntfs_pread?5failed?$AA@ 0000000000002d20     Ntfs:attrib.obj
 0001:00002ab8       ??_C@_0BB@DIBPEBGC@?$CFs?3?5Bad?5run?5?$CI?$CFl?$CJ?$AA@ 0000000000002d38     Ntfs:attrib.obj
 0001:00002ad0       ??_C@_0BE@JDBOPILM@?$CFs?3?5Zero?5run?5length?$AA@ 0000000000002d50     Ntfs:attrib.obj
 0001:00002ae8       ??_C@_0BK@JHPPDGBG@?$CFs?3?5Failed?5to?5find?5VCN?5?$CD2?$AA@ 0000000000002d68     Ntfs:attrib.obj
 0001:00002b08       ??_C@_0BK@LMNCGFNF@?$CFs?3?5Failed?5to?5find?5VCN?5?$CD1?$AA@ 0000000000002d88     Ntfs:attrib.obj
 0001:00002b28       ??_C@_0BI@KHHEJMED@?$CFs?3?5Sanity?5check?5failed?$AA@ 0000000000002da8     Ntfs:attrib.obj
 0001:00002b40       ??_C@_0BC@NEACCCJI@ntfs_attr_pread_i?$AA@ 0000000000002dc0     Ntfs:attrib.obj
 0001:00002b58       ??_C@_0BM@GHLILPJL@Failed?5to?5restore?5data_size?$AA@ 0000000000002dd8     Ntfs:attrib.obj
 0001:00002b78       ??_C@_0BI@EPGFFGII@?$CFs?3?5Unexpected?5LCN?5?$CI?$CFl?$CJ?$AA@ 0000000000002df8     Ntfs:attrib.obj
 0001:00002b90       ??_C@_0BK@MBKFJBJA@?$CFs?3?5Failed?5to?5find?5VCN?5?$CD4?$AA@ 0000000000002e10     Ntfs:attrib.obj
 0001:00002bb0       ??_C@_0BK@IOOEAHFH@?$CFs?3?5Failed?5to?5find?5VCN?5?$CD3?$AA@ 0000000000002e30     Ntfs:attrib.obj
 0001:00002bd0       ??_C@_0BP@GCKMCKKL@?$CFs?3?5failed?5to?5write?5mft?5record?$AA@ 0000000000002e50     Ntfs:attrib.obj
 0001:00002bf0       ??_C@_0BC@KFKEPODJ@?$CFs?3?5lookup?5failed?$AA@ 0000000000002e70     Ntfs:attrib.obj
 0001:00002c08       ??_C@_0BM@LDENAJOF@Failed?5to?5enlarge?5attribute?$AA@ 0000000000002e88     Ntfs:attrib.obj
 0001:00002c28       ??_C@_0BB@PDEKCMFI@ntfs_attr_pwrite?$AA@ 0000000000002ea8     Ntfs:attrib.obj
 0001:00002c40       ??_C@_0BE@IOBPOBOI@ntfs_attr_fill_zero?$AA@ 0000000000002ec0     Ntfs:attrib.obj
 0001:00002c58       ??_C@_0BF@OLDODLE@Failed?5to?5zero?5space?$AA@ 0000000000002ed8     Ntfs:attrib.obj
 0001:00002c70       ??_C@_0DC@MKEOHLFK@Failed?5to?5free?5hot?5clusters?4?5Ple@ 0000000000002ef0     Ntfs:attrib.obj
 0001:00002ca8       ??_C@_0BE@BHNFKDJO@ntfs_attr_fill_hole?$AA@ 0000000000002f28     Ntfs:attrib.obj
 0001:00002cc0       ??_C@_0BJ@BHCKNOKN@Failed?5to?5merge?5runlists?$AA@ 0000000000002f40     Ntfs:attrib.obj
 0001:00002ce0       ??_C@_0BK@PDJDPDBC@?$CFs?3?5Failed?5to?5find?5VCN?5?$CD6?$AA@ 0000000000002f60     Ntfs:attrib.obj
 0001:00002d00       ??_C@_0BK@NILOKANB@?$CFs?3?5Failed?5to?5find?5VCN?5?$CD5?$AA@ 0000000000002f80     Ntfs:attrib.obj
 0001:00002d20       ??_C@_0BB@JEPJAMGP@ntfs_attr_pclose?$AA@ 0000000000002fa0     Ntfs:attrib.obj
 0001:00002d38       ??_C@_0BE@ECNKHPGB@ntfs_attr_mst_pread?$AA@ 0000000000002fb8     Ntfs:attrib.obj
 0001:00002d50       ??_C@_0P@EOJLCDAD@?$CFs?3?5written?$DN?$CFl?$AA@ 0000000000002fd0     Ntfs:attrib.obj
 0001:00002d60       ??_C@_05PLEKAAPD@?$CFs?5?$CD1?$AA@ 0000000000002fe0     Ntfs:attrib.obj
 0001:00002d68       ??_C@_0BF@HJOCEFON@ntfs_attr_mst_pwrite?$AA@ 0000000000002fe8     Ntfs:attrib.obj
 0001:00002d80       ??_C@_0BD@GBGPKGEB@ntfs_attr_name_get?$AA@ 0000000000003000     Ntfs:attrib.obj
 0001:00002d98       ??_C@_0O@MPPDDEMG@ntfs_ucstombs?$AA@ 0000000000003018     Ntfs:attrib.obj
 0001:00002da8       ??_C@_0BB@LILPENIP@ntfs_attr_lookup?$AA@ 0000000000003028     Ntfs:attrib.obj
 0001:00002dc0       ??_C@_0BH@OFHJPNPC@?$CFs?3?5Corrupt?5inode?5?$CI?$CFl?$CJ?$AA@ 0000000000003040     Ntfs:attrib.obj
 0001:00002dd8       ??_C@_0P@EMPNIJIF@ntfs_attr_find?$AA@ 0000000000003058     Ntfs:attrib.obj
 0001:00002de8       ??_C@_0BG@JGLDAHGG@Inode?5is?5corrupt?5?$CI?$CFl?$CJ?$AA@ 0000000000003068     Ntfs:attrib.obj
 0001:00002e00       ??_C@_0BI@CHPAEAMC@ntfs_external_attr_find?$AA@ 0000000000003080     Ntfs:attrib.obj
 0001:00002e18       ??_C@_0BJ@NJKGGCPC@ntfs_attr_get_search_ctx?$AA@ 0000000000003098     Ntfs:attrib.obj
 0001:00002e38       ??_C@_0P@NFGLDLBF@NULL?5arguments?$AA@ 00000000000030b8     Ntfs:attrib.obj
 0001:00002e48       ??_C@_0M@KIBEMEGC@?$CFs?3?5type?$DN?$CFd?$AA@ 00000000000030c8     Ntfs:attrib.obj
 0001:00002e58       ??_C@_0BK@NMKGJCAG@ntfs_attr_find_in_attrdef?$AA@ 00000000000030d8     Ntfs:attrib.obj
 0001:00002e78       ??_C@_0DH@JOFFDKAK@Attr?5type?5?$CFd?5size?5check?5failed?5?$CI@ 00000000000030f8     Ntfs:attrib.obj
 0001:00002eb0       ??_C@_0BI@IPGNAKEJ@Too?5large?5attrlist?5?$CI?$CFl?$CJ?$AA@ 0000000000003130     Ntfs:attrib.obj
 0001:00002ec8       ??_C@_0M@KMENPINL@?$CFs?3?5size?$DN?$CFl?$AA@ 0000000000003148     Ntfs:attrib.obj
 0001:00002ed8       ??_C@_0BM@NDGMONJC@ntfs_attr_size_bounds_check?$AA@ 0000000000003158     Ntfs:attrib.obj
 0001:00002ef8       ??_C@_0BB@LIPNMFOM@?$CFs?3?5pos?$DN?$CFp?5?5m?$DN?$CFp?$AA@ 0000000000003178     Ntfs:attrib.obj
 0001:00002f10       ??_C@_0BI@CEHHELHG@ntfs_make_room_for_attr?$AA@ 0000000000003190     Ntfs:attrib.obj
 0001:00002f28       ??_C@_0BM@ELFNGKJA@?$CFs?3?5attribute?5lookup?5failed?$AA@ 00000000000031a8     Ntfs:attrib.obj
 0001:00002f48       ??_C@_0CC@EPEFDEHH@Failed?5add?5attr?5entry?5to?5attrlis@ 00000000000031c8     Ntfs:attrib.obj
 0001:00002f70       ??_C@_0CC@JHAMIMPP@Failed?5to?5make?5room?5for?5attribut@ 00000000000031f0     Ntfs:attrib.obj
 0001:00002f98       ??_C@_0BG@PKBAMOLF@ntfs_attr_find?5failed?$AA@ 0000000000003218     Ntfs:attrib.obj
 0001:00002fb0       ??_C@_0BP@OHGAFFHM@Attribute?50x?$CFx?5already?5present?$AA@ 0000000000003230     Ntfs:attrib.obj
 0001:00002fd0       ??_C@_0CF@DIDNCGNE@ntfs_attr_can_be_non_resident?5fa@ 0000000000003250     Ntfs:attrib.obj
 0001:00002ff8       ??_C@_0CC@BBKJKLMD@ntfs_non_resident_attr_record_ad@ 0000000000003278     Ntfs:attrib.obj
 0001:00003020       ??_C@_0CA@IPMNNIC@Attribute?5can?8t?5be?5non?5resident?$AA@ 00000000000032a0     Ntfs:attrib.obj
 0001:00003040       ??_C@_0BK@BCGGLGEG@Failed?5to?5free?5MFT?5record?$AA@ 00000000000032c0     Ntfs:attrib.obj
 0001:00003060       ??_C@_0CJ@MJBHOHIL@Failed?5to?5remove?5just?5added?5attr@ 00000000000032e0     Ntfs:attrib.obj
 0001:00003090       ??_C@_0CG@JPLPPFNB@Failed?5to?5remove?5just?5added?5attr@ 0000000000003310     Ntfs:attrib.obj
 0001:000030b8       ??_C@_0CK@JCGOIBIL@Failed?5to?5initialize?5just?5added?5@ 0000000000003338     Ntfs:attrib.obj
 0001:000030e8       ??_C@_0CE@IIEHMDOI@Failed?5to?5open?5just?5added?5attrib@ 0000000000003368     Ntfs:attrib.obj
 0001:00003110       ??_C@_0CF@BAAPOJI@Failed?5to?5add?5non?5resident?5attri@ 0000000000003390     Ntfs:attrib.obj
 0001:00003138       ??_C@_0CB@PPFNMLC@Failed?5to?5add?5resident?5attribute@ 00000000000033b8     Ntfs:attrib.obj
 0001:00003160       ??_C@_0CB@CJBGIHOC@Failed?5to?5allocate?5extent?5record@ 00000000000033e0     Ntfs:attrib.obj
 0001:00003188       ??_C@_0BN@ODAJDJJH@Failed?5to?5add?5attribute?5list?$AA@ 0000000000003408     Ntfs:attrib.obj
 0001:000031a8       ??_C@_0CG@CPKGMFCG@Failed?5to?5attach?5all?5extents?5to?5@ 0000000000003428     Ntfs:attrib.obj
 0001:000031d0       ??_C@_0CB@MIIKCMPN@ntfs_attr_can_be_resident?5failed@ 0000000000003450     Ntfs:attrib.obj
 0001:000031f8       ??_C@_0BF@ENLGJBLB@Attribute?5is?5too?5big?$AA@ 0000000000003478     Ntfs:attrib.obj
 0001:00003210       ??_C@_0DA@OLBCFBOB@val?5is?5mandatory?5for?5always?5resi@ 0000000000003490     Ntfs:attrib.obj
 0001:00003240       ??_C@_0BD@EOGMJNHC@?$CFs?3?5ni?$DN?$CFp?5?5size?$DN?$CFl?$AA@ 00000000000034c0     Ntfs:attrib.obj
 0001:00003258       ??_C@_0O@LBKGDNAA@ntfs_attr_add?$AA@ 00000000000034d8     Ntfs:attrib.obj
 0001:00003268       ??_C@_0CG@MOGKIOLB@Couldn?8t?5move?5attribute?5to?5MFT?5r@ 00000000000034e8     Ntfs:attrib.obj
 0001:00003290       ??_C@_0BN@BMPOLNPK@Couldn?8t?5allocate?5MFT?5record?$AA@ 0000000000003510     Ntfs:attrib.obj
 0001:000032b0       ??_C@_0CE@CICMFDLF@Couldn?8t?5attach?5extents?0?5inode?$DN?$CF@ 0000000000003530     Ntfs:attrib.obj
 0001:000032d8       ??_C@_0BL@LIELHFP@Inode?5?$CFllu?5has?5no?5attrlist?$AA@ 0000000000003558     Ntfs:attrib.obj
 0001:000032f8       ??_C@_0CB@BOHBCPN@?$CFs?3?5ctx?$DN?$CFp?5ctx?9?$DOattr?$DN?$CFp?5extra?$DN?$CFd@ 0000000000003578     Ntfs:attrib.obj
 0001:00003320       ??_C@_0BL@EPNDFCKD@ntfs_attr_record_move_away?$AA@ 00000000000035a0     Ntfs:attrib.obj
 0001:00003340       ??_C@_0CK@ONIAMJD@Couldn?8t?5move?5attribute?5to?5new?5M@ 00000000000035c0     Ntfs:attrib.obj
 0001:00003370       ??_C@_0CB@BJBAHEIA@Couldn?8t?5allocate?5new?5MFT?5record@ 00000000000035f0     Ntfs:attrib.obj
 0001:00003398       ??_C@_0BO@IGMOOLCB@?$CFs?3?5Attribute?5lookup?5failed?52?$AA@ 0000000000003618     Ntfs:attrib.obj
 0001:000033b8       ??_C@_0CD@BMBKNOHB@Could?5not?5free?5space?5in?5MFT?5reco@ 0000000000003638     Ntfs:attrib.obj
 0001:000033e0       ??_C@_0BO@KNODLIOC@?$CFs?3?5Attribute?5lookup?5failed?51?$AA@ 0000000000003660     Ntfs:attrib.obj
 0001:00003400       ??_C@_0BI@DGEKMMEP@Couldn?8t?5open?5attribute?$AA@ 0000000000003680     Ntfs:attrib.obj
 0001:00003418       ??_C@_0CG@CDBKLCKC@Failed?5to?5make?5attribute?5non?9res@ 0000000000003698     Ntfs:attrib.obj
 0001:00003440       ??_C@_0BI@NOJKFKAI@?$CFs?3?5bounds?5check?5failed?$AA@ 00000000000036c0     Ntfs:attrib.obj
 0001:00003458       ??_C@_0BM@NLOBLOOG@ntfs_resident_attr_resize_i?$AA@ 00000000000036d8     Ntfs:attrib.obj
 0001:00003478       ??_C@_0BI@PPCOEHIA@ntfs_attr_lookup?5failed?$AA@ 00000000000036f8     Ntfs:attrib.obj
 0001:00003490       ??_C@_0BJ@JIPHOEK@Couldn?8t?5free?5MFT?5record?$AA@ 0000000000003710     Ntfs:attrib.obj
 0001:000034b0       ??_C@_0BD@HEEFIEDJ@Failed?5to?5build?5MP?$AA@ 0000000000003730     Ntfs:attrib.obj
 0001:000034c8       ??_C@_0BK@OLKOONGJ@Could?5not?5free?5MFT?5record?$AA@ 0000000000003748     Ntfs:attrib.obj
 0001:000034e8       ??_C@_0BP@GKNHPIHJ@Could?5not?5add?5attribute?5extent?$AA@ 0000000000003768     Ntfs:attrib.obj
 0001:00003508       ??_C@_0CC@COCNDPLI@Could?5not?5allocate?5new?5MFT?5recor@ 0000000000003788     Ntfs:attrib.obj
 0001:00003530       ??_C@_0BH@PDDJFHJB@?$CFs?3?5get?5mp?5size?5failed?$AA@ 00000000000037b0     Ntfs:attrib.obj
 0001:00003548       ??_C@_0BH@GAAEIIMJ@?$CFs?3?5Attr?5lookup?5failed?$AA@ 00000000000037c8     Ntfs:attrib.obj
 0001:00003560       ??_C@_0BN@JLDKCHLP@Could?5not?5remove?5unused?5attr?$AA@ 00000000000037e0     Ntfs:attrib.obj
 0001:00003580       ??_C@_0BM@LFILJEOK@?$CFs?3?5Attribute?5lookup?5failed?$AA@ 0000000000003800     Ntfs:attrib.obj
 0001:000035a0       ??_C@_0BO@NLMMACLJ@Failed?5to?5build?5mapping?5pairs?$AA@ 0000000000003820     Ntfs:attrib.obj
 0001:000035c0       ??_C@_0BL@DMMMJBMN@Failed?5to?5resize?5attribute?$AA@ 0000000000003840     Ntfs:attrib.obj
 0001:000035e0       ??_C@_0BF@HAFICABC@Can?5not?5add?5attrlist?$AA@ 0000000000003860     Ntfs:attrib.obj
 0001:000035f8       ??_C@_0DC@NEPOJMLJ@Attribute?5list?5is?5too?5big?4?5Defra@ 0000000000003878     Ntfs:attrib.obj
 0001:00003630       ??_C@_0BH@LGJIBBNH@?$CFs?3?5get?5MP?5size?5failed?$AA@ 00000000000038b0     Ntfs:attrib.obj
 0001:00003648       ??_C@_0M@PGAGDANL@Bad?5runlist?$AA@ 00000000000038c8     Ntfs:attrib.obj
 0001:00003658       ??_C@_0BH@JDJGEJHN@?$CFs?3?5resident?5attribute?$AA@ 00000000000038d8     Ntfs:attrib.obj
 0001:00003670       ??_C@_09CCMLDLHC@?$CFs?3?5na?$DN?$CFp?$AA@ 00000000000038f0     Ntfs:attrib.obj
 0001:00003680       ??_C@_0CB@CFDAMKFF@ntfs_attr_update_mapping_pairs_i@ 0000000000003900     Ntfs:attrib.obj
 0001:000036a8       ??_C@_0BJ@HLNGGJDB@Mapping?5pairs?5space?5is?50?$AA@ 0000000000003928     Ntfs:attrib.obj
 0001:000036c8       ??_C@_0BG@DPHHILEF@ntfs_attr_update_meta?$AA@ 0000000000003948     Ntfs:attrib.obj
 0001:000036e0       ??_C@_0BJ@DONIOMAL@Failed?5to?5move?5attribute?$AA@ 0000000000003960     Ntfs:attrib.obj
 0001:00003700       ??_C@_0BF@MDAFFIPN@ntfs_attr_truncate_i?$AA@ 0000000000003980     Ntfs:attrib.obj
 0001:00003718       ??_C@_0CI@DJKPPANF@Failed?5to?5truncate?5compressed?5at@ 0000000000003998     Ntfs:attrib.obj
 0001:00003740       ??_C@_0BI@MEPJIKKG@ntfs_attr_make_resident?$AA@ 00000000000039c0     Ntfs:attrib.obj
 0001:00003758       ??_C@_0CL@LCMFLNFM@Eeek?$CB?5Failed?5to?5release?5allocate@ 00000000000039d8     Ntfs:attrib.obj
 0001:00003788       ??_C@_0CE@MPNIKIIF@Failed?5to?5restore?5old?5mapping?5pa@ 0000000000003a08     Ntfs:attrib.obj
 0001:000037b0       ??_C@_0CL@HNNEPIIL@Couldn?8t?5truncate?5runlist?4?5Rollb@ 0000000000003a30     Ntfs:attrib.obj
 0001:000037e0       ??_C@_0BB@HJEAMJDB@Leaking?5clusters?$AA@ 0000000000003a60     Ntfs:attrib.obj
 0001:000037f8       ??_C@_0CI@JCIGFNLP@Lookup?5of?5first?5attribute?5extent@ 0000000000003a78     Ntfs:attrib.obj
 0001:00003820       ??_C@_0BM@FGAMPACF@Mapping?5pairs?5update?5failed?$AA@ 0000000000003aa0     Ntfs:attrib.obj
 0001:00003840       ??_C@_0BG@PDGKNAJD@Run?5list?5merge?5failed?$AA@ 0000000000003ac0     Ntfs:attrib.obj
 0001:00003858       ??_C@_0BP@NPEDBBNB@Cluster?5allocation?5failed?5?$CI?$CFl?$CJ?$AA@ 0000000000003ad8     Ntfs:attrib.obj
 0001:00003878       ??_C@_0BO@LOIOEHLJ@failed?5to?5map?5partial?5runlist?$AA@ 0000000000003af8     Ntfs:attrib.obj
 0001:00003898       ??_C@_0CA@KDHFDHGC@ntfs_non_resident_attr_expand_i?$AA@ 0000000000003b18     Ntfs:attrib.obj
 0001:000038b8       ??_C@_0BH@OHFCAKNE@ntfs_attr_pread?5failed?$AA@ 0000000000003b38     Ntfs:attrib.obj
 0001:000038d0       ??_C@_0BC@LKLBFHN@ntfs_attr_readall?$AA@ 0000000000003b50     Ntfs:attrib.obj
 0001:000038e8       ??_C@_0BG@NPMMHPAD@ntfs_attr_open?5failed?$AA@ 0000000000003b68     Ntfs:attrib.obj
 0001:00003900       ??_C@_0DB@GNHPGCMB@Failed?5to?5remove?5attribute?50x?$CF02@ 0000000000003b80     Ntfs:attrib.obj
 0001:00003938       ??_C@_0BB@OOJEBFAA@ntfs_attr_remove?$AA@ 0000000000003bb8     Ntfs:attrib.obj
 0001:00003950       ??_C@_0CP@OFLMJH@Failed?5to?5open?5attribute?50x?$CF02x?5@ 0000000000003bd0     Ntfs:attrib.obj
 0001:00003980       ??_C@_0M@MLPMCBLD@ntfs_calloc?$AA@ 0000000000003c00     Ntfs:misc.obj
 0001:00003990       ??_C@_0DB@CKEAJDCC@c?3?2vector?9edk?9master?2NtfsPkg?2Ntf@ 0000000000003c10     Ntfs:misc.obj
 0001:000039c8       ??_C@_0BK@NPAADFGF@Failed?5to?5calloc?5?$CFl?5bytes?$AA@ 0000000000003c48     Ntfs:misc.obj
 0001:000039e8       ??_C@_0M@JLMDFKOO@ntfs_malloc?$AA@ 0000000000003c68     Ntfs:misc.obj
 0001:000039f8       ??_C@_0BK@PPICMDMO@Failed?5to?5malloc?5?$CFl?5bytes?$AA@ 0000000000003c78     Ntfs:misc.obj
 0001:00003a18       ??_C@_0CO@CLCICGCB@?5?5Leaving?5inconsistent?5metadata?4@ 0000000000003c98     Ntfs:mft.obj
 0001:00003a48       ??_C@_0CP@NMFAIECD@Failed?5to?5read?5of?5MFT?0?5mft?$DN?$CFllu?5@ 0000000000003cc8     Ntfs:mft.obj
 0001:00003a78       ??_C@_0DD@JBALJHJH@Trying?5to?5read?5non?9allocated?5mft@ 0000000000003cf8     Ntfs:mft.obj
 0001:00003ab0       ??_C@_0DA@NJBBAGKK@c?3?2vector?9edk?9master?2NtfsPkg?2Ntf@ 0000000000003d30     Ntfs:mft.obj
 0001:00003ae0       ??_C@_0BN@DNDPBAM@?$CFs?3?5b?$DN?$CFp?5?5count?$DN?$CFl?5?5mft?$DN?$CFllu?$AA@ 0000000000003d60     Ntfs:mft.obj
 0001:00003b00       ??_C@_0BG@OOBKBMMG@ntfs_mft_records_read?$AA@ 0000000000003d80     Ntfs:mft.obj
 0001:00003b18       ??_C@_0BN@BAPMAIDE@Error?5writing?5$Mft?5record?$CIs?$CJ?$AA@ 0000000000003d98     Ntfs:mft.obj
 0001:00003b38       ??_C@_0BH@DBPMLDMF@ntfs_mft_records_write?$AA@ 0000000000003db8     Ntfs:mft.obj
 0001:00003b50       ??_C@_0DE@EAKNPEHI@Trying?5to?5write?5non?9allocated?5mf@ 0000000000003dd0     Ntfs:mft.obj
 0001:00003b88       ??_C@_0M@DLBCALEF@?$CFs?3?5mrec?$DN?$CFp?$AA@ 0000000000003e08     Ntfs:mft.obj
 0001:00003b98       ??_C@_0BG@BMAJJIPO@ntfs_file_record_read?$AA@ 0000000000003e18     Ntfs:mft.obj
 0001:00003bb0       ??_C@_0BO@BDBJFGNO@Mft?5reference?5exceeds?532?5bits?$AA@ 0000000000003e30     Ntfs:mft.obj
 0001:00003bd0       ??_C@_0BH@NDIBLNHP@ntfs_mft_record_layout?$AA@ 0000000000003e50     Ntfs:mft.obj
 0001:00003be8       ??_C@_0BO@KLBDHCNC@ntfs_mft_bitmap_find_free_rec?$AA@ 0000000000003e68     Ntfs:mft.obj
 0001:00003c08       ??_C@_0BL@KKBGNPJK@Failed?5to?5read?5$MFT?5bitmap?$AA@ 0000000000003e88     Ntfs:mft.obj
 0001:00003c28       ??_C@_0BF@CBANDDIO@?$CFs?3?5MP?5update?5failed?$AA@ 0000000000003ea8     Ntfs:mft.obj
 0001:00003c40       ??_C@_0CA@PIFJGCMD@?$CFs?3?5ntfs_mft_attr_extend?5failed?$AA@ 0000000000003ec0     Ntfs:mft.obj
 0001:00003c60       ??_C@_0CE@DNOLPHIH@ntfs_mft_bitmap_extend_allocatio@ 0000000000003ee0     Ntfs:mft.obj
 0001:00003c88       ??_C@_0BH@PAFEKNGI@extending?5$MFT?5bitmap?6?$AA@ 0000000000003f08     Ntfs:mft.obj
 0001:00003ca0       ??_C@_0BM@LFMIBHFC@?$CFs?3?5Can?5not?5add?5attrlist?5?$CD3?$AA@ 0000000000003f20     Ntfs:mft.obj
 0001:00003cc0       ??_C@_0BF@HGJPLCJE@ntfs_mft_attr_extend?$AA@ 0000000000003f40     Ntfs:mft.obj
 0001:00003cd8       ??_C@_0BB@IPOPBPEA@Bug?5in?5?$CFs?$CI?$CJ?3?5?$CFs?6?$AA@ 0000000000003f58     Ntfs:mft.obj
 0001:00003cf0       ??_C@_0BM@MJGIJDEM@mft_na?5sanity?5checks?5failed?$AA@ 0000000000003f70     Ntfs:mft.obj
 0001:00003d10       ??_C@_0BF@CEMNDAHP@ntfs_mft_record_init?$AA@ 0000000000003f90     Ntfs:mft.obj
 0001:00003d28       ??_C@_0BM@KABPMMDI@Failed?5to?5format?5mft?5record?$AA@ 0000000000003fa8     Ntfs:mft.obj
 0001:00003d48       ??_C@_0CA@IGGNMKOK@ntfs_mft_data_extend_allocation?$AA@ 0000000000003fc8     Ntfs:mft.obj
 0001:00003d68       ??_C@_0CK@PHAFCJGC@Failed?5to?5allocate?5?$CI?$CFl?$CJ?5clusters@ 0000000000003fe8     Ntfs:mft.obj
 0001:00003d98       ??_C@_0CF@LKCFMBIO@?$CFs?3?5unexpected?5$MFT?5sizes?0?5see?5b@ 0000000000004018     Ntfs:mft.obj
 0001:00003dc0       ??_C@_0BC@LHNCNHPB@ntfs_mft_rec_init?$AA@ 0000000000004040     Ntfs:mft.obj
 0001:00003dd8       ??_C@_0O@NEAFAKAK@ntfs_ib_write?$AA@ 0000000000004058     Ntfs:index.obj
 0001:00003de8       ??_C@_0DC@NNMAIAAJ@c?3?2vector?9edk?9master?2NtfsPkg?2Ntf@ 0000000000004068     Ntfs:index.obj
 0001:00003e20       ??_C@_0CL@DMJFKDMC@Failed?5to?5write?5index?5block?5?$CFl?0?5@ 00000000000040a0     Ntfs:index.obj
 0001:00003e50       ??_C@_0BM@LOAFCEGK@Unknown?5collation?5rule?50x?$CFx?$AA@ 00000000000040d0     Ntfs:index.obj
 0001:00003e70       ??_C@_0DL@POKJBEAA@Index?5block?5size?5?$CI?$CFd?$CJ?5is?5smaller@ 00000000000040f0     Ntfs:index.obj
 0001:00003eb0       ??_C@_0BC@BKJPDFEO@ntfs_index_lookup?$AA@ 0000000000004130     Ntfs:index.obj
 0001:00003ec8       ??_C@_0BF@LMKKNGDC@key?3?5?$CFp?5?5key_len?3?5?$CFd?$AA@ 0000000000004148     Ntfs:index.obj
 0001:00003ee0       ??_C@_0CC@LBHGFMCK@Non?9resident?5$INDEX_ROOT?5detecte@ 0000000000004160     Ntfs:index.obj
 0001:00003f08       ??_C@_0P@CCHDBPPL@ntfs_ir_lookup?$AA@ 0000000000004188     Ntfs:index.obj
 0001:00003f18       ??_C@_0BN@JGLAJKIJ@Failed?5to?5lookup?5$INDEX_ROOT?$AA@ 0000000000004198     Ntfs:index.obj
 0001:00003f38       ??_C@_0P@OKNCDAED@ntfs_ie_lookup?$AA@ 00000000000041b8     Ntfs:index.obj
 0001:00003f48       ??_C@_0BL@LDOJLIA@Negative?5vcn?5in?5inode?5?$CFllu?$AA@ 00000000000041c8     Ntfs:index.obj
 0001:00003f68       ??_C@_0N@PBKEHAFO@ntfs_ia_open?$AA@ 00000000000041e8     Ntfs:index.obj
 0001:00003f78       ??_C@_0CO@EAOJHEGE@Failed?5to?5open?5index?5allocation?5@ 00000000000041f8     Ntfs:index.obj
 0001:00003fa8       ??_C@_0N@MCBNNOAL@ntfs_ib_read?$AA@ 0000000000004228     Ntfs:index.obj
 0001:00003fb8       ??_C@_0BL@GPNPAPC@Failed?5to?5read?5index?5block?$AA@ 0000000000004238     Ntfs:index.obj
 0001:00003fd8       ??_C@_0BE@JICFJBMJ@ntfs_icx_parent_inc?$AA@ 0000000000004258     Ntfs:index.obj
 0001:00003ff0       ??_C@_0BM@IDFLOCEB@Index?5is?5over?5?$CFd?5level?5deep?$AA@ 0000000000004270     Ntfs:index.obj
 0001:00004010       ??_C@_0CD@ICNAOIGB@Failed?5to?5find?5place?5for?5new?5ent@ 0000000000004290     Ntfs:index.obj
 0001:00004038       ??_C@_0M@KDOCFPEG@ntfs_ie_add?$AA@ 00000000000042b8     Ntfs:index.obj
 0001:00004048       ??_C@_0BO@NDBILLDJ@Index?5already?5have?5such?5entry?$AA@ 00000000000042c8     Ntfs:index.obj
 0001:00004068       ??_C@_0BD@MFEEDMDJ@ntfs_ir_make_space?$AA@ 00000000000042e8     Ntfs:index.obj
 0001:00004080       ??_C@_0BM@HHDKHHMO@Failed?5to?5nodify?5INDEX_ROOT?$AA@ 0000000000004300     Ntfs:index.obj
 0001:000040a0       ??_C@_0BB@GDHCHMPP@ntfs_ir_reparent?$AA@ 0000000000004320     Ntfs:index.obj
 0001:000040b8       ??_C@_0CJ@LOEKOCIB@Failed?5to?5move?5index?5root?5to?5ind@ 0000000000004338     Ntfs:index.obj
 0001:000040e8       ??_C@_0BI@CELHMLHO@Failed?5to?5write?5$Bitmap?$AA@ 0000000000004368     Ntfs:index.obj
 0001:00004100       ??_C@_0BH@BKNJMMIG@Failed?5to?5read?5$BITMAP?$AA@ 0000000000004380     Ntfs:index.obj
 0001:00004118       ??_C@_0BN@DHBMOPJJ@Failed?5to?5truncate?5AT_BITMAP?$AA@ 0000000000004398     Ntfs:index.obj
 0001:00004138       ??_C@_0BA@OPDABGAL@ntfs_ibm_modify?$AA@ 00000000000043b8     Ntfs:index.obj
 0001:00004148       ??_C@_0CB@MPODOJND@Failed?5to?5open?5$BITMAP?5attribute@ 00000000000043c8     Ntfs:index.obj
 0001:00004170       ??_C@_0M@DIHDBNFA@ntfs_ia_add?$AA@ 00000000000043f0     Ntfs:index.obj
 0001:00004180       ??_C@_0CC@OLJDNLMF@Failed?5to?5add?5AT_INDEX_ALLOCATIO@ 0000000000004400     Ntfs:index.obj
 0001:000041a8       ??_C@_0N@DLFHMGKE@ntfs_ibm_add?$AA@ 0000000000004428     Ntfs:index.obj
 0001:000041b8       ??_C@_0BI@CJLIDBBA@Failed?5to?5add?5AT_BITMAP?$AA@ 0000000000004438     Ntfs:index.obj
 0001:000041d0       ??_C@_0BO@EHFHHOBK@Failed?5to?5truncate?5INDEX_ROOT?$AA@ 0000000000004450     Ntfs:index.obj
 0001:000041f0       ??_C@_0BB@FFPCIMOG@ntfs_ir_truncate?$AA@ 0000000000004470     Ntfs:index.obj
 0001:00004208       ??_C@_0BK@BGDNFFFD@Failed?5to?5open?5INDEX_ROOT?$AA@ 0000000000004488     Ntfs:index.obj
 0001:00004228       ??_C@_0BE@GGBKKGPF@ntfs_icx_parent_dec?$AA@ 00000000000044a8     Ntfs:index.obj
 0001:00004240       ??_C@_0BL@PFNBHLBO@Corrupt?5index?5pointer?5?$CI?$CFd?$CJ?$AA@ 00000000000044c0     Ntfs:index.obj
 0001:00004260       ??_C@_0BD@JPELGKPK@ntfs_index_rm_node?$AA@ 00000000000044e0     Ntfs:index.obj
 0001:00004278       ??_C@_0BC@HMEDPCKN@Empty?5index?5block?$AA@ 00000000000044f8     Ntfs:index.obj
 0001:00004290       ??_C@_0BC@EMLEGNMB@ntfs_index_remove?$AA@ 0000000000004510     Ntfs:index.obj
 0001:000042a8       ??_C@_0O@PIOHFAPM@Delete?5failed?$AA@ 0000000000004528     Ntfs:index.obj
 0001:000042c0       ??_C@_0BJ@NNLDKBJB@Failed?5to?5read?5vcn?50x?$CFlx?$AA@ 0000000000004540     Ntfs:dir.obj
 0001:000042e0       ??_C@_0CL@OIAJCCBG@Failed?5to?5open?5index?5allocation?5@ 0000000000004560     Ntfs:dir.obj
 0001:00004310       ??_C@_0BK@GHGPOFN@ntfs_inode_lookup_by_name?$AA@ 0000000000004590     Ntfs:dir.obj
 0001:00004330       ??_C@_0DA@FJCFJPGP@c?3?2vector?9edk?9master?2NtfsPkg?2Ntf@ 00000000000045b0     Ntfs:dir.obj
 0001:00004360       ??_C@_0DD@NFHONBHJ@Index?5root?5attribute?5missing?5in?5@ 00000000000045e0     Ntfs:dir.obj
 0001:00004398       ??_C@_0BH@IEFGLFEK@ntfs_pathname_to_inode?$AA@ 0000000000004618     Ntfs:dir.obj
 0001:000043b0       ??_C@_0CM@JIKFPKKJ@Could?5not?5convert?5filename?5to?5Un@ 0000000000004630     Ntfs:dir.obj
 0001:000043e0       ??_C@_0CL@KPJNJFKL@Failed?5to?5read?5from?5index?5bitmap@ 0000000000004660     Ntfs:dir.obj
 0001:00004410       ??_C@_0CG@BOCHLIOI@Failed?5to?5open?5index?5bitmap?5attr@ 0000000000004690     Ntfs:dir.obj
 0001:00004438       ??_C@_0BL@MBELEOIJ@Parent?5directory?5not?5found?$AA@ 00000000000046b8     Ntfs:dir.obj
 0001:00004458       ??_C@_0N@FNIMEKAN@ntfs_readdir?$AA@ 00000000000046d8     Ntfs:dir.obj
 0001:00004470       ??_C@_0FA@JCIDEBIH@Failed?5to?5open?5index?5allocation?5@ 00000000000046f0     Ntfs:dir.obj
 0001:000044c0       ??_C@_0O@COGCCLK@__ntfs_create?$AA@ 0000000000004740     Ntfs:dir.obj
 0001:000044d0       ??_C@_0CB@PJGBMBGG@Failed?5to?5add?5entry?5to?5the?5index@ 0000000000004750     Ntfs:dir.obj
 0001:000044f8       ??_C@_0BF@BEFGLMAH@ntfs_check_empty_dir?$AA@ 0000000000004778     Ntfs:dir.obj
 0001:00004510       ??_C@_0BJ@JCPCKJOP@Failed?5to?5open?5directory?$AA@ 0000000000004790     Ntfs:dir.obj
 0001:00004530       ??_C@_0CE@IFDPEIKO@Failed?5to?5add?5filename?5to?5the?5in@ 00000000000047b0     Ntfs:dir.obj
 0001:00004558       ??_C@_0M@OIHELFPE@ntfs_link_i?$AA@ 00000000000047d8     Ntfs:dir.obj
 0001:00004568       ??_C@_0BK@KDNALFDC@ntfs_link?5wrong?5arguments?$AA@ 00000000000047e8     Ntfs:dir.obj
 0001:00004588       ??_C@_0BI@BPFHIENJ@libntfs?3?5Critical?5error?$AA@ 0000000000004808     Ntfs:runlist.obj
 0001:000045a0       ??_C@_0N@EBLNFOPJ@Merge?5failed?$AA@ 0000000000004820     Ntfs:runlist.obj
 0001:000045b0       ??_C@_0CA@EMBHKNJ@Run?5lists?5overlap?4?5Cannot?5merge?$AA@ 0000000000004830     Ntfs:runlist.obj
 0001:000045d0       ??_C@_0DE@HADNPMON@c?3?2vector?9edk?9master?2NtfsPkg?2Ntf@ 0000000000004850     Ntfs:runlist.obj
 0001:00004608       ??_C@_0BM@JJDDEEBF@?$CFs?3?5unmapped?5source?5runlist?$AA@ 0000000000004888     Ntfs:runlist.obj
 0001:00004628       ??_C@_0BG@OONODBJJ@ntfs_runlists_merge_i?$AA@ 00000000000048a8     Ntfs:runlist.obj
 0001:00004640       ??_C@_0O@LLDPBLEO@ntfs_rl_pread?$AA@ 00000000000048c0     Ntfs:runlist.obj
 0001:00004650       ??_C@_0DK@LIDOEPFM@Failed?5to?5read?5runlist?5?$FLvol?3?5?$CFp?5@ 00000000000048d0     Ntfs:runlist.obj
 0001:00004690       ??_C@_0P@NCMKJNNA@ntfs_rl_pwrite?$AA@ 0000000000004910     Ntfs:runlist.obj
 0001:000046a0       ??_C@_0DL@NBCMKMHM@Failed?5to?5write?5runlist?5?$FLvol?3?5?$CFp@ 0000000000004920     Ntfs:runlist.obj
 0001:000046e0       ??_C@_0CI@DFJDOHIN@Start_vcn?5lies?5outside?5front?5of?5@ 0000000000004960     Ntfs:runlist.obj
 0001:00004708       ??_C@_0CE@DNCGEBK@rl_truncate?5error?3?5arl?3?5?$CFp?5?$CKarl?3@ 0000000000004988     Ntfs:runlist.obj
 0001:00004730       ??_C@_0BB@NEPICKNJ@ntfs_rl_truncate?$AA@ 00000000000049b0     Ntfs:runlist.obj
 0001:00004748       ??_C@_0BL@PFMAAKFG@rl_truncate?5error?3?5arl?3?5?$CFp?$AA@ 00000000000049c8     Ntfs:runlist.obj
 0001:00004768       ??_C@_0BA@MJIBKFHN@?$CFs?3?5bad?5runlist?$AA@ 00000000000049e8     Ntfs:runlist.obj
 0001:00004778       ??_C@_04PFAOODAA@?$CFs?3?5?$AA@ 00000000000049f8     Ntfs:runlist.obj
 0001:00004780       ??_C@_0P@FLDAJMLM@ntfs_rl_sparse?$AA@ 0000000000004a00     Ntfs:runlist.obj
 0001:00004790       ??_C@_0BM@NGIGNKDL@ntfs_rl_get_compressed_size?$AA@ 0000000000004a10     Ntfs:runlist.obj
 0001:000047b0       ??_C@_0CO@JLBOCJAJ@Operation?5not?5supported?5on?5trans@ 0000000000004a30     Ntfs:strerror.obj
 0001:000047e0       ??_C@_0L@GCKIEACE@EOPNOTSUPP?$AA@ 0000000000004a60     Ntfs:strerror.obj
 0001:000047f0       ??_C@_0BB@NDAKHOCP@Message?5too?5long?$AA@ 0000000000004a70     Ntfs:strerror.obj
 0001:00004808       ??_C@_08EKIBABFB@EMSGSIZE?$AA@ 0000000000004a88     Ntfs:strerror.obj
 0001:00004818       ??_C@_0BE@ICMCHPHH@Directory?5not?5empty?$AA@ 0000000000004a98     Ntfs:strerror.obj
 0001:00004830       ??_C@_09GBKGPGOJ@ENOTEMPTY?$AA@ 0000000000004ab0     Ntfs:strerror.obj
 0001:00004840       ??_C@_0BG@KLEAJEFJ@Illegal?5byte?5sequence?$AA@ 0000000000004ac0     Ntfs:strerror.obj
 0001:00004858       ??_C@_06MNLNBHMB@EILSEQ?$AA@ 0000000000004ad8     Ntfs:strerror.obj
 0001:00004860       ??_C@_0CG@DFNGKKAF@Value?5too?5large?5for?5defined?5data@ 0000000000004ae0     Ntfs:strerror.obj
 0001:00004888       ??_C@_09CJLMNFNK@EOVERFLOW?$AA@ 0000000000004b08     Ntfs:strerror.obj
 0001:00004898       ??_C@_0BD@CGPKCNP@File?5name?5too?5long?$AA@ 0000000000004b18     Ntfs:strerror.obj
 0001:000048b0       ??_C@_0N@GHJFDHGC@ENAMETOOLONG?$AA@ 0000000000004b30     Ntfs:strerror.obj
 0001:000048c0       ??_C@_0BO@HEIOIBI@Math?5result?5not?5representable?$AA@ 0000000000004b40     Ntfs:strerror.obj
 0001:000048e0       ??_C@_06NDGFKNFB@ERANGE?$AA@ 0000000000004b60     Ntfs:strerror.obj
 0001:000048e8       ??_C@_0CE@BNMMMCAI@Math?5argument?5out?5of?5domain?5of?5f@ 0000000000004b68     Ntfs:strerror.obj
 0001:0000490c       ??_C@_04IDKJOLAE@EDOM?$AA@ 0000000000004b8c     Ntfs:strerror.obj
 0001:00004918       ??_C@_0M@LHEPIIOM@Broken?5pipe?$AA@ 0000000000004b98     Ntfs:strerror.obj
 0001:00004924       ??_C@_05COBFIIAP@EPIPE?$AA@ 0000000000004ba4     Ntfs:strerror.obj
 0001:00004930       ??_C@_0P@PKCJJLLM@Too?5many?5links?$AA@ 0000000000004bb0     Ntfs:strerror.obj
 0001:00004940       ??_C@_06NFPAPHBG@EMLINK?$AA@ 0000000000004bc0     Ntfs:strerror.obj
 0001:00004948       ??_C@_0BG@DDBFNKBH@Read?9only?5file?5system?$AA@ 0000000000004bc8     Ntfs:strerror.obj
 0001:00004960       ??_C@_0N@JPKNIBBK@Illegal?5seek?$AA@ 0000000000004be0     Ntfs:strerror.obj
 0001:00004970       ??_C@_06MBAHENIK@ESPIPE?$AA@ 0000000000004bf0     Ntfs:strerror.obj
 0001:00004978       ??_C@_0BI@FEALHKLD@No?5space?5left?5on?5device?$AA@ 0000000000004bf8     Ntfs:strerror.obj
 0001:00004990       ??_C@_06PFABEMOB@ENOSPC?$AA@ 0000000000004c10     Ntfs:strerror.obj
 0001:00004998       ??_C@_0P@LFMMIPAE@File?5too?5large?$AA@ 0000000000004c18     Ntfs:strerror.obj
 0001:000049a8       ??_C@_05DHHFJHFB@EFBIG?$AA@ 0000000000004c28     Ntfs:strerror.obj
 0001:000049b0       ??_C@_0P@HJGPGMF@Text?5file?5busy?$AA@ 0000000000004c30     Ntfs:strerror.obj
 0001:000049c0       ??_C@_07DFOKCEGI@ETXTBSY?$AA@ 0000000000004c40     Ntfs:strerror.obj
 0001:000049c8       ??_C@_0BB@HHIJPGKH@Not?5a?5typewriter?$AA@ 0000000000004c48     Ntfs:strerror.obj
 0001:000049dc       ??_C@_06NPPCCGFP@ENOTTY?$AA@ 0000000000004c5c     Ntfs:strerror.obj
 0001:000049e8       ??_C@_0BE@INBJMKGG@Too?5many?5open?5files?$AA@ 0000000000004c68     Ntfs:strerror.obj
 0001:000049fc       ??_C@_06CEHBGFH@EMFILE?$AA@ 0000000000004c7c     Ntfs:strerror.obj
 0001:00004a08       ??_C@_0BE@BNFFDJMD@File?5table?5overflow?$AA@ 0000000000004c88     Ntfs:strerror.obj
 0001:00004a1c       ??_C@_06IENDGEPJ@ENFILE?$AA@ 0000000000004c9c     Ntfs:strerror.obj
 0001:00004a28       ??_C@_0BB@HMGGCEBG@Invalid?5argument?$AA@ 0000000000004ca8     Ntfs:strerror.obj
 0001:00004a3c       ??_C@_06HIMGHAFD@EINVAL?$AA@ 0000000000004cbc     Ntfs:strerror.obj
 0001:00004a48       ??_C@_0P@NDHGCGKE@Is?5a?5directory?$AA@ 0000000000004cc8     Ntfs:strerror.obj
 0001:00004a58       ??_C@_06MAPENCBD@EISDIR?$AA@ 0000000000004cd8     Ntfs:strerror.obj
 0001:00004a60       ??_C@_0BA@CJBACOOL@Not?5a?5directory?$AA@ 0000000000004ce0     Ntfs:strerror.obj
 0001:00004a70       ??_C@_07DPLJHFHK@ENOTDIR?$AA@ 0000000000004cf0     Ntfs:strerror.obj
 0001:00004a78       ??_C@_0P@NLEIANHE@No?5such?5device?$AA@ 0000000000004cf8     Ntfs:strerror.obj
 0001:00004a88       ??_C@_06BFJHKEEI@ENODEV?$AA@ 0000000000004d08     Ntfs:strerror.obj
 0001:00004a90       ??_C@_0BC@OFBLDMPL@Cross?9device?5link?$AA@ 0000000000004d10     Ntfs:strerror.obj
 0001:00004aa4       ??_C@_05JHANDLBK@EXDEV?$AA@ 0000000000004d24     Ntfs:strerror.obj
 0001:00004ab0       ??_C@_0M@NAAJNNGH@File?5exists?$AA@ 0000000000004d30     Ntfs:strerror.obj
 0001:00004abc       ??_C@_06HFGHHKIE@EEXIST?$AA@ 0000000000004d3c     Ntfs:strerror.obj
 0001:00004ac8       ??_C@_0M@KEEOMFM@Device?5busy?$AA@ 0000000000004d48     Ntfs:strerror.obj
 0001:00004ad4       ??_C@_05MKMLEHMO@EBUSY?$AA@ 0000000000004d54     Ntfs:strerror.obj
 0001:00004ae0       ??_C@_0BG@DDDDJJIM@Block?5device?5required?$AA@ 0000000000004d60     Ntfs:strerror.obj
 0001:00004af8       ??_C@_07IHBJEBFF@ENOTBLK?$AA@ 0000000000004d78     Ntfs:strerror.obj
 0001:00004b00       ??_C@_0M@LOEHLCJD@Bad?5address?$AA@ 0000000000004d80     Ntfs:strerror.obj
 0001:00004b0c       ??_C@_06JDLGPBLD@EFAULT?$AA@ 0000000000004d8c     Ntfs:strerror.obj
 0001:00004b18       ??_C@_0BC@HFNFNKAI@Permission?5denied?$AA@ 0000000000004d98     Ntfs:strerror.obj
 0001:00004b2c       ??_C@_06MBJBDHGA@EACCES?$AA@ 0000000000004dac     Ntfs:strerror.obj
 0001:00004b38       ??_C@_0BB@IMDKMPFB@Not?5enough?5space?$AA@ 0000000000004db8     Ntfs:strerror.obj
 0001:00004b4c       ??_C@_06MBKJCAFI@ENOMEM?$AA@ 0000000000004dcc     Ntfs:strerror.obj
 0001:00004b58       ??_C@_0BC@FPOGLOBD@No?5more?5processes?$AA@ 0000000000004dd8     Ntfs:strerror.obj
 0001:00004b6c       ??_C@_06GIGOMMFD@EAGAIN?$AA@ 0000000000004dec     Ntfs:strerror.obj
 0001:00004b78       ??_C@_0BD@LOHELEP@No?5child?5processes?$AA@ 0000000000004df8     Ntfs:strerror.obj
 0001:00004b8c       ??_C@_06JOGGPIAH@ECHILD?$AA@ 0000000000004e0c     Ntfs:strerror.obj
 0001:00004b98       ??_C@_0BA@IMABKEOI@Bad?5file?5number?$AA@ 0000000000004e18     Ntfs:strerror.obj
 0001:00004ba8       ??_C@_0BC@HKPNECK@Exec?5format?5error?$AA@ 0000000000004e28     Ntfs:strerror.obj
 0001:00004bc0       ??_C@_07CCDFPJBL@ENOEXEC?$AA@ 0000000000004e40     Ntfs:strerror.obj
 0001:00004bc8       ??_C@_0BC@MFFGCDFL@Arg?5list?5too?5long?$AA@ 0000000000004e48     Ntfs:strerror.obj
 0001:00004bdc       ??_C@_05DLCHNBFO@E2BIG?$AA@ 0000000000004e5c     Ntfs:strerror.obj
 0001:00004be8       ??_C@_0BK@DPKMCKJ@No?5such?5device?5or?5address?$AA@ 0000000000004e68     Ntfs:strerror.obj
 0001:00004c04       ??_C@_05PAHIOBGD@ENXIO?$AA@ 0000000000004e84     Ntfs:strerror.obj
 0001:00004c10       ??_C@_09FIANMNHE@I?1O?5error?$AA@ 0000000000004e90     Ntfs:strerror.obj
 0001:00004c1c       ??_C@_03HKNLGNGJ@EIO?$AA@  0000000000004e9c     Ntfs:strerror.obj
 0001:00004c20       ??_C@_0BI@EAGLFFDI@Interrupted?5system?5call?$AA@ 0000000000004ea0     Ntfs:strerror.obj
 0001:00004c38       ??_C@_05NMLIGJAP@EINTR?$AA@ 0000000000004eb8     Ntfs:strerror.obj
 0001:00004c40       ??_C@_0BA@FKIAIBGA@No?5such?5process?$AA@ 0000000000004ec0     Ntfs:strerror.obj
 0001:00004c50       ??_C@_05EFGDEBCF@ESRCH?$AA@ 0000000000004ed0     Ntfs:strerror.obj
 0001:00004c58       ??_C@_0BK@FMDHKPNF@No?5such?5file?5or?5directory?$AA@ 0000000000004ed8     Ntfs:strerror.obj
 0001:00004c74       ??_C@_06JDEIEOEO@ENOENT?$AA@ 0000000000004ef4     Ntfs:strerror.obj
 0001:00004c80       ??_C@_09MCMHFLMG@Not?5owner?$AA@ 0000000000004f00     Ntfs:strerror.obj
 0001:00004c8c       ??_C@_05KPJOGJNB@EPERM?$AA@ 0000000000004f0c     Ntfs:strerror.obj
 0001:000050a4       ??_C@_01JLIPDDHJ@?3?$AA@   0000000000005324     Ntfs:reparse.obj
 0001:000050a8       ??_C@_08CIBNNNMH@$Reparse?$AA@ 0000000000005328     Ntfs:reparse.obj
 0001:000050c0       ??_C@_0GJ@MDNGDBPF@Incomplete?5multi?9sector?5transfer@ 0000000000005340     Ntfs:mst.obj
 0001:00005130       ??_C@_0DA@HBBBBOFI@c?3?2vector?9edk?9master?2NtfsPkg?2Ntf@ 00000000000053b0     Ntfs:mst.obj
 0001:00005160       ??_C@_0DL@LMBEAPFP@?$CFs?3?5magic?3?50x?$CF08lx?5?5size?3?5?$CFld?5?5?5@ 00000000000053e0     Ntfs:mst.obj
 0001:000051a0       ??_C@_0BO@KOOOLGOH@ntfs_mst_post_read_fixup_warn?$AA@ 0000000000005420     Ntfs:mst.obj
 0001:000051c0       ??_C@_0BB@NKKENJNO@?$CFs?3?5bad?5argument?$AA@ 0000000000005440     Ntfs:mst.obj
 0001:000051d8       ??_C@_0BJ@KGDJPCPK@ntfs_mst_pre_write_fixup?$AA@ 0000000000005458     Ntfs:mst.obj
 0001:000051f8       ??_C@_0BA@DMIDCMFP@ntfs_decompress?$AA@ 0000000000005478     Ntfs:compress.obj
 0001:00005208       ??_C@_0DF@JOCFLFJI@c?3?2vector?9edk?9master?2NtfsPkg?2Ntf@ 0000000000005488     Ntfs:compress.obj
 0001:00005240       ??_C@_0BK@FNDLGDOP@Failed?5to?5decompress?5file?$AA@ 00000000000054c0     Ntfs:compress.obj
 0001:00005260       ??_C@_0BF@HPECMBMI@end?5compressed?5write?$AA@ 00000000000054e0     Ntfs:compress.obj
 0001:00005278       ??_C@_0BH@NHJCBMBI@begin?5compressed?5write?$AA@ 00000000000054f8     Ntfs:compress.obj
 0001:00005290       ??_C@_0P@MDAFID@Adjacent?5holes?$AA@ 0000000000005510     Ntfs:compress.obj
 0001:000052a0       ??_C@_0N@LNKELIEJ@Invalid?5hole?$AA@ 0000000000005520     Ntfs:compress.obj
 0001:000052b0       ??_C@_0BC@NNFAEFCH@Runs?5not?5adjacent?$AA@ 0000000000005530     Ntfs:compress.obj
 0001:000052c8       ??_C@_0BF@BIPBOBPP@end?5compressed?5close?$AA@ 0000000000005548     Ntfs:compress.obj
 0001:000052e0       ??_C@_0BM@DMJBMKLL@Failed?5to?5allocate?5clusters?$AA@ 0000000000005560     Ntfs:lcnalloc.obj
 0001:00005300       ??_C@_0BB@JFOLKKMI@realloc?$CI?$CJ?5failed?$AA@ 0000000000005580     Ntfs:lcnalloc.obj
 0001:00005318       ??_C@_0BH@DOEIHKBB@Reading?5$BITMAP?5failed?$AA@ 0000000000005598     Ntfs:lcnalloc.obj
 0001:00005330       ??_C@_0DF@HLJKDHOH@c?3?2vector?9edk?9master?2NtfsPkg?2Ntf@ 00000000000055b0     Ntfs:lcnalloc.obj
 0001:00005368       ??_C@_0CA@OBLKAFHI@?$CFs?3?5vcn?3?5?$CFl?0?5count?3?5?$CFl?0?5lcn?3?5?$CFl?$AA@ 00000000000055e8     Ntfs:lcnalloc.obj
 0001:00005388       ??_C@_0BD@GOALGGLM@ntfs_cluster_alloc?$AA@ 0000000000005608     Ntfs:lcnalloc.obj
 0001:000053a0       ??_C@_0BB@DHBHHGAP@bitmap_writeback?$AA@ 0000000000005620     Ntfs:lcnalloc.obj
 0001:000053b8       ??_C@_0BM@JBDMJKNL@Bitmap?5write?5error?5?$CI?$CFl?0?5?$CFl?$CJ?$AA@ 0000000000005638     Ntfs:lcnalloc.obj
 0001:000053d8       ??_C@_0BK@FBEBDMKO@ntfs_cluster_free_from_rl?$AA@ 0000000000005658     Ntfs:lcnalloc.obj
 0001:000053f8       ??_C@_0CF@NONCMDHB@Cluster?5deallocation?5failed?5?$CI?$CFl?0@ 0000000000005678     Ntfs:lcnalloc.obj
 0001:00005420       ??_C@_0BI@OPJPBCHK@ntfs_cluster_free_basic?$AA@ 00000000000056a0     Ntfs:lcnalloc.obj
 0001:00005438       ??_C@_0BO@MLOIHAKI@?$CFs?3?5count?5still?5not?5zero?5?$CI?$CFl?$CJ?$AA@ 00000000000056b8     Ntfs:lcnalloc.obj
 0001:00005458       ??_C@_0BP@LNIKBGCP@?$CFs?3?5Clearing?5bitmap?5run?5failed?$AA@ 00000000000056d8     Ntfs:lcnalloc.obj
 0001:00005478       ??_C@_0BF@BEILDIHD@?$CFs?3?5Invalid?5lcn?5?$CI?$CFl?$CJ?$AA@ 00000000000056f8     Ntfs:lcnalloc.obj
 0001:00005490       ??_C@_0BI@PLFPIPOB@?$CFs?3?5Unexpected?5lcn?5?$CI?$CFl?$CJ?$AA@ 0000000000005710     Ntfs:lcnalloc.obj
 0001:000054a8       ??_C@_0BC@EDADEEMM@ntfs_cluster_free?$AA@ 0000000000005728     Ntfs:lcnalloc.obj
 0001:000054c0       ??_C@_0EL@FGDLICLO@Failed?5to?5write?5buffer?5to?5bitmap@ 0000000000005740     Ntfs:bitmap.obj
 0001:00005510       ??_C@_0EA@CHEGMBBI@Reading?5of?5last?5byte?5failed?5?$CI?$CFl?$CJ@ 0000000000005790     Ntfs:bitmap.obj
 0001:00005550       ??_C@_0BD@ECJJDPOM@ntfs_malloc?5failed?$AA@ 00000000000057d0     Ntfs:bitmap.obj
 0001:00005568       ??_C@_0DD@KKMFKNG@c?3?2vector?9edk?9master?2NtfsPkg?2Ntf@ 00000000000057e8     Ntfs:bitmap.obj
 0001:000055a0       ??_C@_0CC@HEGBNOOG@?$CFs?3?5Invalid?5argument?5?$CI?$CFp?0?5?$CFl?0?5?$CFl@ 0000000000005820     Ntfs:bitmap.obj
 0001:000055c8       ??_C@_0BM@IONHDBG@ntfs_bitmap_set_bits_in_run?$AA@ 0000000000005848     Ntfs:bitmap.obj
 0001:00005600       ??_C@_0DF@NIMMIGD@c?3?2vector?9edk?9master?2NtfsPkg?2Ntf@ 0000000000005880     Ntfs:security.obj
 0001:00005638       ??_C@_0BF@OHKCECFB@ntfs_sd_add_everyone?$AA@ 00000000000058b8     Ntfs:security.obj
 0001:00005650       ??_C@_0CK@DEGLNGMI@Failed?5to?5add?5initial?5SECURITY_D@ 00000000000058d0     Ntfs:security.obj
 0001:0000567c       ??_C@_06GONMKOBB@$ObjId?$AA@ 00000000000058fc     Ntfs:object_id.obj
 0001:000056f8       ??_C@_0BB@MFGDFIJM@Compromised?5Data?$AA@ 0000000000005978     BasePrintLib:PrintLibInternal.obj
 0001:00005710       ??_C@_0BB@KFJAMCOC@Invalid?5Language?$AA@ 0000000000005990     BasePrintLib:PrintLibInternal.obj
 0001:00005728       ??_C@_0M@FKGOBENP@End?5of?5File?$AA@ 00000000000059a8     BasePrintLib:PrintLibInternal.obj
 0001:00005738       ??_C@_0O@GLPDOMCP@Reserved?5?$CI30?$CJ?$AA@ 00000000000059b8     BasePrintLib:PrintLibInternal.obj
 0001:00005748       ??_C@_0O@NMJOLAMF@Reserved?5?$CI29?$CJ?$AA@ 00000000000059c8     BasePrintLib:PrintLibInternal.obj
 0001:00005758       ??_C@_0N@JEJDHPO@End?5of?5Media?$AA@ 00000000000059d8     BasePrintLib:PrintLibInternal.obj
 0001:00005768       ??_C@_09BOMAGJEG@CRC?5Error?$AA@ 00000000000059e8     BasePrintLib:PrintLibInternal.obj
 0001:00005778       ??_C@_0BD@KHMPCIOG@Security?5Violation?$AA@ 00000000000059f8     BasePrintLib:PrintLibInternal.obj
 0001:00005790       ??_C@_0BF@EHOBGFMI@Incompatible?5Version?$AA@ 0000000000005a10     BasePrintLib:PrintLibInternal.obj
 0001:000057a8       ??_C@_0P@NCJHBCLM@Protocol?5Error?$AA@ 0000000000005a28     BasePrintLib:PrintLibInternal.obj
 0001:000057b8       ??_C@_0L@DJKNJKHM@TFTP?5Error?$AA@ 0000000000005a38     BasePrintLib:PrintLibInternal.obj
 0001:000057c8       ??_C@_0L@LKIFCMNO@ICMP?5Error?$AA@ 0000000000005a48     BasePrintLib:PrintLibInternal.obj
 0001:000057d8       ??_C@_07LCKDCBKK@Aborted?$AA@ 0000000000005a58     BasePrintLib:PrintLibInternal.obj
 0001:000057e0       ??_C@_0BA@IGIBFFPH@Already?5started?$AA@ 0000000000005a60     BasePrintLib:PrintLibInternal.obj
 0001:000057f0       ??_C@_0M@DCJFAFHJ@Not?5started?$AA@ 0000000000005a70     BasePrintLib:PrintLibInternal.obj
 0001:00005800       ??_C@_08PAFJCNGP@Time?5out?$AA@ 0000000000005a80     BasePrintLib:PrintLibInternal.obj
 0001:00005810       ??_C@_0L@IFPBNFC@No?5mapping?$AA@ 0000000000005a90     BasePrintLib:PrintLibInternal.obj
 0001:00005820       ??_C@_0M@ENKCBFEP@No?5Response?$AA@ 0000000000005aa0     BasePrintLib:PrintLibInternal.obj
 0001:00005830       ??_C@_0O@NFHOBIDO@Access?5Denied?$AA@ 0000000000005ab0     BasePrintLib:PrintLibInternal.obj
 0001:00005840       ??_C@_09CFCBFJND@Not?5Found?$AA@ 0000000000005ac0     BasePrintLib:PrintLibInternal.obj
 0001:00005850       ??_C@_0O@JNCJKCCD@Media?5changed?$AA@ 0000000000005ad0     BasePrintLib:PrintLibInternal.obj
 0001:00005860       ??_C@_08KEGAJDNN@No?5Media?$AA@ 0000000000005ae0     BasePrintLib:PrintLibInternal.obj
 0001:00005870       ??_C@_0M@HDLEPOFA@Volume?5Full?$AA@ 0000000000005af0     BasePrintLib:PrintLibInternal.obj
 0001:00005880       ??_C@_0P@EIOJGIF@Volume?5Corrupt?$AA@ 0000000000005b00     BasePrintLib:PrintLibInternal.obj
 0001:00005890       ??_C@_0BB@GOILNEAA@Out?5of?5Resources?$AA@ 0000000000005b10     BasePrintLib:PrintLibInternal.obj
 0001:000058a8       ??_C@_0BA@LNEDDFNB@Write?5Protected?$AA@ 0000000000005b28     BasePrintLib:PrintLibInternal.obj
 0001:000058b8       ??_C@_0N@HHEABDHO@Device?5Error?$AA@ 0000000000005b38     BasePrintLib:PrintLibInternal.obj
 0001:000058c8       ??_C@_09NKFGCIPN@Not?5Ready?$AA@ 0000000000005b48     BasePrintLib:PrintLibInternal.obj
 0001:000058d8       ??_C@_0BB@EGELJFOB@Buffer?5Too?5Small?$AA@ 0000000000005b58     BasePrintLib:PrintLibInternal.obj
 0001:000058f0       ??_C@_0BA@FLNMPMCF@Bad?5Buffer?5Size?$AA@ 0000000000005b70     BasePrintLib:PrintLibInternal.obj
 0001:00005900       ??_C@_0M@BEECMOIL@Unsupported?$AA@ 0000000000005b80     BasePrintLib:PrintLibInternal.obj
 0001:00005910       ??_C@_0BC@HOFHKGJN@Invalid?5Parameter?$AA@ 0000000000005b90     BasePrintLib:PrintLibInternal.obj
 0001:00005928       ??_C@_0L@PLPBEPPC@Load?5Error?$AA@ 0000000000005ba8     BasePrintLib:PrintLibInternal.obj
 0001:00005938       ??_C@_0BD@IFJNJCCO@Warning?5Stale?5Data?$AA@ 0000000000005bb8     BasePrintLib:PrintLibInternal.obj
 0001:00005950       ??_C@_0BJ@ODIPDGHB@Warning?5Buffer?5Too?5Small?$AA@ 0000000000005bd0     BasePrintLib:PrintLibInternal.obj
 0001:00005970       ??_C@_0BG@ECIJMOED@Warning?5Write?5Failure?$AA@ 0000000000005bf0     BasePrintLib:PrintLibInternal.obj
 0001:00005988       ??_C@_0BH@GKKCJEPJ@Warning?5Delete?5Failure?$AA@ 0000000000005c08     BasePrintLib:PrintLibInternal.obj
 0001:000059a0       ??_C@_0BG@CFJMNNJK@Warning?5Unknown?5Glyph?$AA@ 0000000000005c20     BasePrintLib:PrintLibInternal.obj
 0001:000059b8       ??_C@_07PBILKAFL@Success?$AA@ 0000000000005c38     BasePrintLib:PrintLibInternal.obj
 0001:000059c0       mHexStr                    0000000000005c40     BasePrintLib:PrintLibInternal.obj
 0001:000059d0       ??_C@_0O@MLOLIMFM@?$DMnull?5string?$DO?$AA@ 0000000000005c50     BasePrintLib:PrintLibInternal.obj
 0001:000059e0       ??_C@_0M@BJJDNPHK@?$DMnull?5guid?$DO?$AA@ 0000000000005c60     BasePrintLib:PrintLibInternal.obj
 0001:000059f0       ??_C@_0DB@PMLHLBMO@?$CF08x?9?$CF04x?9?$CF04x?9?$CF02x?$CF02x?9?$CF02x?$CF02x@ 0000000000005c70     BasePrintLib:PrintLibInternal.obj
 0001:00005a28       ??_C@_0M@LHGBCIKM@?$DMnull?5time?$DO?$AA@ 0000000000005ca8     BasePrintLib:PrintLibInternal.obj
 0001:00005a38       ??_C@_0BK@FCPKCIDD@?$CF02d?1?$CF02d?1?$CF04d?5?5?$CF02d?3?$CF02d?$AA@ 0000000000005cb8     BasePrintLib:PrintLibInternal.obj
 0001:00005a54       ??_C@_04JIMNDDED@?$CF08X?$AA@ 0000000000005cd4     BasePrintLib:PrintLibInternal.obj
 0001:00005a5c       ??_C@_02PCIJFNDE@?$AN?6?$AA@ 0000000000005cdc     BasePrintLib:PrintLibInternal.obj
 0001:00005a60       ??_C@_01LIIJDEN@?$AN?$AA@  0000000000005ce0     BasePrintLib:PrintLibInternal.obj
 0001:00005a70       _DriverUnloadHandler       0000000000005cf0 f   UefiDriverEntryPoint:DriverEntryPoint.obj
 0001:00005aa8       _ModuleEntryPoint          0000000000005d28 f   UefiDriverEntryPoint:DriverEntryPoint.obj
 0001:00005b44       StrLen                     0000000000005dc4 f   BaseLib:String.obj
 0001:00005b58       StrSize                    0000000000005dd8 f   BaseLib:String.obj
 0001:00005b70       UnicodeStrToAsciiStr       0000000000005df0 f   BaseLib:String.obj
 0001:00005b90       AsciiStrLen                0000000000005e10 f   BaseLib:String.obj
 0001:00005ba4       AsciiStrCmp                0000000000005e24 f   BaseLib:String.obj
 0001:00005bc4       AsciiStrToUnicodeStr       0000000000005e44 f   BaseLib:String.obj
 0001:00005be8       ZeroMem                    0000000000005e68 f   BaseMemoryLibRepStr:ZeroMemWrapper.obj
 0001:00005bf0       CopyMem                    0000000000005e70 f   BaseMemoryLibRepStr:CopyMemWrapper.obj
 0001:00005c04       CompareGuid                0000000000005e84 f   BaseMemoryLibRepStr:MemLibGuid.obj
 0001:00005c1c       UefiLibConstructor         0000000000005e9c f   UefiLib:UefiLib.obj
 0001:00005c1c       PlatformDebugLibIoPortConstructor 0000000000005e9c f   PlatformDebugLibIoPort:DebugLib.obj
 0001:00005c20       UefiBootServicesTableLibConstructor 0000000000005ea0 f   UefiBootServicesTableLib:UefiBootServicesTableLib.obj
 0001:00005c3c       InternalAllocatePool       0000000000005ebc f   UefiMemoryAllocationLib:MemoryAllocationLib.obj
 0001:00005c70       AllocateZeroPool           0000000000005ef0 f   UefiMemoryAllocationLib:MemoryAllocationLib.obj
 0001:00005c94       FreePool                   0000000000005f14 f   UefiMemoryAllocationLib:MemoryAllocationLib.obj
 0001:00005ca0       DevicePathLibConstructor   0000000000005f20 f   UefiDevicePathLibDevicePathProtocol:UefiDevicePathLib.obj
 0001:00005cc0       UefiRuntimeServicesTableLibConstructor 0000000000005f40 f   UefiRuntimeServicesTableLib:UefiRuntimeServicesTableLib.obj
 0001:00005cd0       EfiAcquireLock             0000000000005f50 f   UefiLib:UefiLib.obj
 0001:00005cf8       EfiAcquireLockOrFail       0000000000005f78 f   UefiLib:UefiLib.obj
 0001:00005d34       EfiReleaseLock             0000000000005fb4 f   UefiLib:UefiLib.obj
 0001:00005d4c       EfiTestManagedDevice       0000000000005fcc f   UefiLib:UefiLib.obj
 0001:00005de4       LookupUnicodeString2       0000000000006064 f   UefiLib:UefiLib.obj
 0001:00005f70       GetEfiGlobalVariable2      00000000000061f0 f   UefiLib:UefiLib.obj
 0001:00006050       GetBestLanguage            00000000000062d0 f   UefiLib:UefiLib.obj
 0001:000061b4       EfiLibInstallDriverBindingComponentName2 0000000000006434 f   UefiLib:UefiDriverModel.obj
 0001:00006290       InternalPrint              0000000000006510 f   UefiLib:UefiLibPrint.obj
 0001:00006330       Print                      00000000000065b0 f   UefiLib:UefiLibPrint.obj
 0001:00006360       BasePrintLibFillBuffer     00000000000065e0 f   BasePrintLib:PrintLibInternal.obj
 0001:00006394       BasePrintLibSPrintMarker   0000000000006614 f   BasePrintLib:PrintLibInternal.obj
 0001:0000701c       BasePrintLibSPrint         000000000000729c f   BasePrintLib:PrintLibInternal.obj
 0001:00007040       ProcessLibraryConstructorList 00000000000072c0 f   Ntfs:AutoGen.obj
 0001:000070b0       ProcessLibraryDestructorList 0000000000007330 f   Ntfs:AutoGen.obj
 0001:000070c0       ProcessModuleEntryPointList 0000000000007340 f   Ntfs:AutoGen.obj
 0001:000070f0       ProcessModuleUnloadList    0000000000007370 f   Ntfs:AutoGen.obj
 0001:00007110       NtfsEntryPoint             0000000000007390 f   Ntfs:Ntfs.obj
 0001:00007160       NtfsUnload                 00000000000073e0 f   Ntfs:Ntfs.obj
 0001:00007210       NtfsDriverBindingSupported 0000000000007490 f   Ntfs:Ntfs.obj
 0001:000072e0       NtfsDriverBindingStart     0000000000007560 f   Ntfs:Ntfs.obj
 0001:00007470       NtfsDriverBindingStop      00000000000076f0 f   Ntfs:Ntfs.obj
 0001:00007530       NtfsComponentNameGetDriverName 00000000000077b0 f   Ntfs:ComponentName.obj
 0001:00007590       NtfsComponentNameGetControllerName 0000000000007810 f   Ntfs:ComponentName.obj
 0001:00007630       NtfsAcquireLock            00000000000078b0 f   Ntfs:Misc.obj
 0001:00007650       NtfsAcquireLockOrFail      00000000000078d0 f   Ntfs:Misc.obj
 0001:00007670       NtfsReleaseLock            00000000000078f0 f   Ntfs:Misc.obj
 0001:00007690       fsw_efi_decode_time        0000000000007910 f   Ntfs:Misc.obj
 0001:00007940       NtfsCreateVolumeName       0000000000007bc0 f   Ntfs:Init.obj
 0001:00007ab0       NtfsAllocateVolume         0000000000007d30 f   Ntfs:Init.obj
 0001:00007cb0       NtfsAbandonVolume          0000000000007f30 f   Ntfs:Init.obj
 0001:00007db0       NtfsOpenDevice             0000000000008030 f   Ntfs:Init.obj
 0001:00007e30       InitializeUnicodeCollationSupportWorker 00000000000080b0 f   Ntfs:UnicodeCollation.obj
 0001:00008000       InitializeUnicodeCollationSupport 0000000000008280 f   Ntfs:UnicodeCollation.obj
 0001:00008080       ntfsInit                   0000000000008300 f   Ntfs:ntfsvol.obj
 0001:000080b0       ntfsMount                  0000000000008330 f   Ntfs:ntfsvol.obj
 0001:00008480       ntfsGetDevOpTab            0000000000008700 f   Ntfs:ntfsvol.obj
 0001:00008490       NtfsOpenVolume             0000000000008710 f   Ntfs:NtfsOpenVolume.obj
 0001:000085a0       ntfs_inode_base            0000000000008820 f   Ntfs:inode.obj
 0001:000085d0       ntfs_inode_mark_dirty      0000000000008850 f   Ntfs:inode.obj
 0001:00008610       ntfs_inode_allocate        0000000000008890 f   Ntfs:inode.obj
 0001:00008670       ntfs_inode_real_close      00000000000088f0 f   Ntfs:inode.obj
 0001:00008920       ntfs_inode_invalidate      0000000000008ba0 f   Ntfs:inode.obj
 0001:000089d0       ntfs_inode_open            0000000000008c50 f   Ntfs:inode.obj
 0001:000090a0       ntfs_inode_close           0000000000009320 f   Ntfs:inode.obj
 0001:00009220       ntfs_extent_inode_open     00000000000094a0 f   Ntfs:inode.obj
 0001:00009610       ntfs_inode_attach_all_extents 0000000000009890 f   Ntfs:inode.obj
 0001:00009780       ntfs_inode_sync            0000000000009a00 f   Ntfs:inode.obj
 0001:0000a4c0       ntfs_inode_add_attrlist    000000000000a740 f   Ntfs:inode.obj
 0001:0000ae00       ntfs_inode_free_space      000000000000b080 f   Ntfs:inode.obj
 0001:0000b050       ntfs_inode_update_times    000000000000b2d0 f   Ntfs:inode.obj
 0001:0000b160       ntfs_volume_alloc          000000000000b3e0 f   Ntfs:volume.obj
 0001:0000b180       ntfs_volume_startup        000000000000b400 f   Ntfs:volume.obj
 0001:0000c440       ntfs_volume_check_hiberfile 000000000000c6c0 f   Ntfs:volume.obj
 0001:0000c7b0       ntfs_device_mount          000000000000ca30 f   Ntfs:volume.obj
 0001:0000da80       ntfs_set_ignore_case       000000000000dd00 f   Ntfs:volume.obj
 0001:0000db10       ntfs_umount                000000000000dd90 f   Ntfs:volume.obj
 0001:0000db70       ntfs_logfile_reset         000000000000ddf0 f   Ntfs:volume.obj
 0001:0000dcb0       ntfs_volume_error          000000000000df30 f   Ntfs:volume.obj
 0001:0000de50       ntfs_volume_get_free_space 000000000000e0d0 f   Ntfs:volume.obj
 0001:0000df90       ntfs_boot_sector_is_ntfs   000000000000e210 f   Ntfs:bootsect.obj
 0001:0000e310       ntfs_boot_sector_parse     000000000000e590 f   Ntfs:bootsect.obj
 0001:0000e6e0       NtfsFlush                  000000000000e960 f   Ntfs:NtfsFlush.obj
 0001:0000e7b0       GetFileSystemVolumeLabelInfo 000000000000ea30 f   Ntfs:NtfsInfo.obj
 0001:0000e840       GetFileSystemInfo          000000000000eac0 f   Ntfs:NtfsInfo.obj
 0001:0000e9b0       SetFileInfo                000000000000ec30 f   Ntfs:NtfsInfo.obj
 0001:0000e9b0       SetFileSystemVolumeLabelInfo 000000000000ec30 f   Ntfs:NtfsInfo.obj
 0001:0000e9b0       SetFileSystemInfo          000000000000ec30 f   Ntfs:NtfsInfo.obj
 0001:0000e9d0       GetFileInfo                000000000000ec50 f   Ntfs:NtfsInfo.obj
 0001:0000ec70       NtfsGetInfo                000000000000eef0 f   Ntfs:NtfsInfo.obj
 0001:0000ed40       NtfsSetInfo                000000000000efc0 f   Ntfs:NtfsInfo.obj
 0001:0000ee10       NtfsSetPosition            000000000000f090 f   Ntfs:NtfsSetPosition.obj
 0001:0000eec0       NtfsGetPosition            000000000000f140 f   Ntfs:NtfsGetPosition.obj
 0001:0000ef60       NtfsWrite                  000000000000f1e0 f   Ntfs:NtfsWrite.obj
 0001:0000f030       NtfsRead                   000000000000f2b0 f   Ntfs:NtfsRead.obj
 0001:0000f110       NtfsDelete                 000000000000f390 f   Ntfs:NtfsDelete.obj
 0001:0000f240       NtfsClose                  000000000000f4c0 f   Ntfs:NtfsClose.obj
 0001:0000f370       NtfsOpen                   000000000000f5f0 f   Ntfs:NtfsOpen.obj
 0001:0000f930       ntfsCloseFile              000000000000fbb0 f   Ntfs:ntfsfile.obj
 0001:0000fa70       ntfs_open_r                000000000000fcf0 f   Ntfs:ntfsfile.obj
 0001:0000ff00       ntfs_close_r               0000000000010180 f   Ntfs:ntfsfile.obj
 0001:0000ffe0       ntfs_write_r               0000000000010260 f   Ntfs:ntfsfile.obj
 0001:000101b0       ntfs_read_r                0000000000010430 f   Ntfs:ntfsfile.obj
 0001:00010360       ntfs_seek_r                00000000000105e0 f   Ntfs:ntfsfile.obj
 0001:000105b0       ntfs_fstat_r               0000000000010830 f   Ntfs:ntfsfile.obj
 0001:00010670       ntfs_ftruncate_r           00000000000108f0 f   Ntfs:ntfsfile.obj
 0001:00010870       ntfs_fsync_r               0000000000010af0 f   Ntfs:ntfsfile.obj
 0001:00010910       ntfsCloseDir               0000000000010b90 f   Ntfs:ntfsdir.obj
 0001:000109d0       ntfs_stat_r                0000000000010c50 f   Ntfs:ntfsdir.obj
 0001:00010b00       ntfs_link_r                0000000000010d80 f   Ntfs:ntfsdir.obj
 0001:00010bb0       ntfs_unlink_r              0000000000010e30 f   Ntfs:ntfsdir.obj
 0001:00010c00       ntfs_chdir_r               0000000000010e80 f   Ntfs:ntfsdir.obj
 0001:00010d00       ntfs_rename_r              0000000000010f80 f   Ntfs:ntfsdir.obj
 0001:00010e20       ntfs_mkdir_r               00000000000110a0 f   Ntfs:ntfsdir.obj
 0001:00010ed0       ntfs_statvfs_r             0000000000011150 f   Ntfs:ntfsdir.obj
 0001:00011110       ntfs_readdir_exists        0000000000011390 f   Ntfs:ntfsdir.obj
 0001:00011170       ntfs_readdir_filler        00000000000113f0 f   Ntfs:ntfsdir.obj
 0001:00011490       ntfs_diropen_r             0000000000011710 f   Ntfs:ntfsdir.obj
 0001:00011640       ntfs_dirreset_r            00000000000118c0 f   Ntfs:ntfsdir.obj
[...]
 0001:0003ea70       ntfs_bitmap_set_run        000000000003ecf0 f   Ntfs:bitmap.obj
 0001:0003f1d0       ntfs_bitmap_clear_run      000000000003f450 f   Ntfs:bitmap.obj
 0001:0003f220       ntfs_get_collate_function  000000000003f4a0 f   Ntfs:collate.obj
 0001:0003f680       ntfs_sd_add_everyone       000000000003f900 f   Ntfs:security.obj
 0001:0003f930       ntfs_delete_object_id_index 000000000003fbb0 f   Ntfs:object_id.obj
 0001:0003fc00       InternalMemZeroMem         000000000003fe80 f   BaseMemoryLibRepStr:ZeroMem.obj
 0001:0003fc20       InternalMemCopyMem         000000000003fea0 f   BaseMemoryLibRepStr:CopyMem.obj
 0001:0003fc60       InternalMemSetMem          000000000003fee0 f   BaseMemoryLibRepStr:SetMem.obj
 0001:0003fc80       InternalMemSetMem32        000000000003ff00 f   BaseMemoryLibRepStr:SetMem32.obj
 0001:0003fca0       InternalMemSetMem64        000000000003ff20 f   BaseMemoryLibRepStr:SetMem64.obj
 0001:0003fcc0       mUnicodeCollationInterface 000000000003ff40     Ntfs:UnicodeCollation.obj
 0001:0003fd50       errno                      000000000003ffd0     Ntfs:libc.obj
 0001:0003fd54       AT_UNNAMED                 000000000003ffd4     Ntfs:attrib.obj
 0001:0003fd98       gImageHandle               0000000000040018     UefiBootServicesTableLib:UefiBootServicesTableLib.obj
 0001:0003fda0       gST                        0000000000040020     UefiBootServicesTableLib:UefiBootServicesTableLib.obj
 0001:0003fda8       gBS                        0000000000040028     UefiBootServicesTableLib:UefiBootServicesTableLib.obj
 0001:0003fdb0       gRT                        0000000000040030     UefiRuntimeServicesTableLib:UefiRuntimeServicesTableLib.obj
 0001:0003fdb8       mDevicePathLibDevicePathUtilities 0000000000040038     UefiDevicePathLibDevicePathProtocol:UefiDevicePathLib.obj

 entry point at        0001:00005aa8

 Static symbols

 0001:00008630       __ntfs_inode_allocate      00000000000088b0 f   Ntfs:inode.obj
 0001:000088b0       __ntfs_inode_release       0000000000008b30 f   Ntfs:inode.obj
 0001:00008990       idata_cache_compare        0000000000008c10 f   Ntfs:inode.obj
 0001:00008a90       ntfs_inode_real_open       0000000000008d10 f   Ntfs:inode.obj
 0001:000097a0       ntfs_inode_sync_in_dir     0000000000009a20 f   Ntfs:inode.obj
 0001:00009d00       ntfs_inode_sync_standard_information 0000000000009f80 f   Ntfs:inode.obj
 0001:00009ef0       ntfs_inode_sync_file_name  000000000000a170 f   Ntfs:inode.obj
 0001:0000b130       ntfs_current_time          000000000000b3b0 f   Ntfs:inode.obj
 0001:0000b130       ntfs_current_time          000000000000b3b0 f   Ntfs:inode.obj
 0001:0000b7b0       __ntfs_volume_release      000000000000ba30 f   Ntfs:volume.obj
 0001:0000ba10       ntfs_attr_free             000000000000bc90 f   Ntfs:volume.obj
 0001:0000ba50       ntfs_inode_free            000000000000bcd0 f   Ntfs:volume.obj
 0001:0000baa0       ntfs_error_set             000000000000bd20 f   Ntfs:volume.obj
 0001:0000bac0       ntfs_mft_load              000000000000bd40 f   Ntfs:volume.obj
 0001:0000c230       ntfs_attr_setup_flag       000000000000c4b0 f   Ntfs:volume.obj
 0001:0000c290       ntfs_mftmirr_load          000000000000c510 f   Ntfs:volume.obj
 0001:0000c650       ntfs_hiberfile_open        000000000000c8d0 f   Ntfs:volume.obj
 0001:0000d710       ntfs_mft_record_get_data_size 000000000000d990 f   Ntfs:volume.obj
 0001:0000d740       ntfs_volume_check_logfile  000000000000d9c0 f   Ntfs:volume.obj
 0001:0000d8e0       fix_txf_data               000000000000db60 f   Ntfs:volume.obj
 0001:000132d0       ntfs_device_uefi_io_open   0000000000013550 f   Ntfs:uefi_io.obj
 0001:000135b0       ntfs_device_uefi_io_close  0000000000013830 f   Ntfs:uefi_io.obj
 0001:00013740       ntfs_device_uefi_io_seek   00000000000139c0 f   Ntfs:uefi_io.obj
 0001:00013a20       ntfs_device_uefi_io_read   0000000000013ca0 f   Ntfs:uefi_io.obj
 0001:00013a60       ntfs_device_uefi_io_write  0000000000013ce0 f   Ntfs:uefi_io.obj
 0001:00013aa0       ntfs_device_uefi_io_pread  0000000000013d20 f   Ntfs:uefi_io.obj
 0001:00013ae0       ntfs_device_uefi_io_pwrite 0000000000013d60 f   Ntfs:uefi_io.obj
 0001:00013b20       ntfs_device_uefi_io_readbytes 0000000000013da0 f   Ntfs:uefi_io.obj
 0001:00014010       ntfs_device_uefi_io_writebytes 0000000000014290 f   Ntfs:uefi_io.obj
 0001:000145f0       ntfs_device_uefi_io_readsectors 0000000000014870 f   Ntfs:uefi_io.obj
 0001:000147e0       ntfs_device_uefi_io_writesectors 0000000000014a60 f   Ntfs:uefi_io.obj
 0001:00014960       ntfs_device_uefi_io_sync   0000000000014be0 f   Ntfs:uefi_io.obj
 0001:00014a50       ntfs_device_uefi_io_stat   0000000000014cd0 f   Ntfs:uefi_io.obj
 0001:00014b80       ntfs_device_uefi_io_ioctl  0000000000014e00 f   Ntfs:uefi_io.obj
 0001:00015390       NAttrFlag                  0000000000015610 f   Ntfs:attrib.obj
 0001:00015400       NAttrSetFlag               0000000000015680 f   Ntfs:attrib.obj
 0001:00015480       NAttrClearFlag             0000000000015700 f   Ntfs:attrib.obj
 0001:00016310       __ntfs_attr_init           0000000000016590 f   Ntfs:attrib.obj
 0001:00016bc0       ntfs_attr_pread_i          0000000000016e40 f   Ntfs:attrib.obj
 0001:00019020       ntfs_attr_map_partial_runlist 00000000000192a0 f   Ntfs:attrib.obj
 0001:000192f0       ntfs_attr_fill_zero        0000000000019570 f   Ntfs:attrib.obj
 0001:000196a0       ntfs_attr_fill_hole        0000000000019920 f   Ntfs:attrib.obj
 0001:00019e90       split_compressed_hole      000000000001a110 f   Ntfs:attrib.obj
 0001:0001a590       borrow_from_hole           000000000001a810 f   Ntfs:attrib.obj
 0001:0001bb80       ntfs_attr_find             000000000001be00 f   Ntfs:attrib.obj
 0001:0001bfc0       ntfs_external_attr_find    000000000001c240 f   Ntfs:attrib.obj
 0001:0001cbc0       ntfs_attr_init_search_ctx  000000000001ce40 f   Ntfs:attrib.obj
 0001:0001ddc0       ntfs_attr_can_be_non_resident 000000000001e040 f   Ntfs:attrib.obj
 0001:0001f110       ntfs_attrlist_mark_dirty   000000000001f390 f   Ntfs:attrib.obj
 0001:0001fac0       ntfs_resident_attr_resize_i 000000000001fd40 f   Ntfs:attrib.obj
 0001:000205c0       ntfs_attr_update_mapping_pairs_i 0000000000020840 f   Ntfs:attrib.obj
 0001:000215a0       ntfs_attr_update_meta      0000000000021820 f   Ntfs:attrib.obj
 0001:00021a70       ntfs_attr_truncate_i       0000000000021cf0 f   Ntfs:attrib.obj
 0001:00021c90       ntfs_resident_attr_resize  0000000000021f10 f   Ntfs:attrib.obj
 0001:00021cd0       ntfs_non_resident_attr_shrink 0000000000021f50 f   Ntfs:attrib.obj
 0001:00022150       ntfs_attr_make_resident    00000000000223d0 f   Ntfs:attrib.obj
 0001:00022720       ntfs_non_resident_attr_expand 00000000000229a0 f   Ntfs:attrib.obj
 0001:00022760       ntfs_non_resident_attr_expand_i 00000000000229e0 f   Ntfs:attrib.obj
 0001:00023150       stuff_hole                 00000000000233d0 f   Ntfs:attrib.obj
 0001:000239d0       ntfs_init_lut256           0000000000023c50 f   Ntfs:attrib.obj
 0001:00024660       inserthashindex            00000000000248e0 f   Ntfs:cache.obj
 0001:00024770       drophashindex              00000000000249f0 f   Ntfs:cache.obj
 0001:00024a60       do_invalidate              0000000000024ce0 f   Ntfs:cache.obj
 0001:00024c40       ntfs_free_cache            0000000000024ec0 f   Ntfs:cache.obj
 0001:000255b0       ntfs_mft_record_read       0000000000025830 f   Ntfs:mft.obj
 0001:00025950       ntfs_mft_record_write      0000000000025bd0 f   Ntfs:mft.obj
 0001:00025950       ntfs_mft_record_write      0000000000025bd0 f   Ntfs:mft.obj
 0001:00025950       ntfs_mft_record_write      0000000000025bd0 f   Ntfs:mft.obj
 0001:00025ff0       timespec2ntfs              0000000000026270 f   Ntfs:mft.obj
 0001:00025ff0       timespec2ntfs              0000000000026270 f   Ntfs:mft.obj
 0001:00026040       ntfs_bitmap_set_bit        00000000000262c0 f   Ntfs:mft.obj
 0001:00026070       ntfs_bitmap_clear_bit      00000000000262f0 f   Ntfs:mft.obj
 0001:000260a0       ntfs_is_mft                0000000000026320 f   Ntfs:mft.obj
 0001:000260d0       ntfs_mft_bitmap_find_free_rec 0000000000026350 f   Ntfs:mft.obj
 0001:000264f0       ntfs_ffz                   0000000000026770 f   Ntfs:mft.obj
 0001:00026510       ntfs_mft_bitmap_extend_allocation 0000000000026790 f   Ntfs:mft.obj
 0001:00026540       ntfs_mft_bitmap_extend_allocation_i 00000000000267c0 f   Ntfs:mft.obj
 0001:00026cf0       ntfs_mft_attr_extend       0000000000026f70 f   Ntfs:mft.obj
 0001:00026df0       ntfs_mft_bitmap_extend_initialized 0000000000027070 f   Ntfs:mft.obj
 0001:000270e0       ntfs_mft_record_init       0000000000027360 f   Ntfs:mft.obj
 0001:00027410       ntfs_mft_data_extend_allocation 0000000000027690 f   Ntfs:mft.obj
 0001:00027ce0       ntfs_mft_rec_alloc         0000000000027f60 f   Ntfs:mft.obj
 0001:00028170       ntfs_mft_rec_init          00000000000283f0 f   Ntfs:mft.obj
 0001:000286e0       ntfs_index_ctx_free        0000000000028960 f   Ntfs:index.obj
 0001:00028770       ntfs_ib_write              00000000000289f0 f   Ntfs:index.obj
 0001:00028840       ntfs_ib_vcn_to_pos         0000000000028ac0 f   Ntfs:index.obj
 0001:000288e0       ntfs_ie_get_vcn_addr       0000000000028b60 f   Ntfs:index.obj
 0001:00028900       ntfs_ie_get_first          0000000000028b80 f   Ntfs:index.obj
 0001:00028920       ntfs_ie_get_next           0000000000028ba0 f   Ntfs:index.obj
 0001:00028940       ntfs_ie_end                0000000000028bc0 f   Ntfs:index.obj
 0001:00028eb0       ntfs_ir_lookup             0000000000029130 f   Ntfs:index.obj
 0001:00029020       ntfs_ie_lookup             00000000000292a0 f   Ntfs:index.obj
 0001:000292b0       ntfs_ie_get_end            0000000000029530 f   Ntfs:index.obj
 0001:000292d0       ntfs_ia_open               0000000000029550 f   Ntfs:index.obj
 0001:00029360       ntfs_ib_read               00000000000295e0 f   Ntfs:index.obj
 0001:00029440       ntfs_ia_check              00000000000296c0 f   Ntfs:index.obj
 0001:000294d0       ntfs_icx_parent_inc        0000000000029750 f   Ntfs:index.obj
 0001:00029730       ntfs_ie_insert             00000000000299b0 f   Ntfs:index.obj
 0001:000297d0       ntfs_ir_make_space         0000000000029a50 f   Ntfs:index.obj
 0001:00029860       ntfs_ir_reparent           0000000000029ae0 f   Ntfs:index.obj
 0001:00029bb0       ntfs_ie_set_vcn            0000000000029e30 f   Ntfs:index.obj
 0001:00029be0       ntfs_ir_lookup2            0000000000029e60 f   Ntfs:index.obj
 0001:00029c30       ntfs_ibm_clear             0000000000029eb0 f   Ntfs:index.obj
 0001:00029c60       ntfs_ibm_modify            0000000000029ee0 f   Ntfs:index.obj
 0001:00029ec0       ntfs_ibm_vcn_to_pos        000000000002a140 f   Ntfs:index.obj
 0001:00029f00       ntfs_ibm_get_free          000000000002a180 f   Ntfs:index.obj
 0001:0002a060       ntfs_ibm_pos_to_vcn        000000000002a2e0 f   Ntfs:index.obj
 0001:0002a0a0       ntfs_ib_pos_to_vcn         000000000002a320 f   Ntfs:index.obj
 0001:0002a0d0       ntfs_ibm_set               000000000002a350 f   Ntfs:index.obj
 0001:0002a100       ntfs_ir_to_ib              000000000002a380 f   Ntfs:index.obj
 0001:0002a200       ntfs_ie_get_last           000000000002a480 f   Ntfs:index.obj
 0001:0002a250       ntfs_ib_alloc              000000000002a4d0 f   Ntfs:index.obj
 0001:0002a350       ntfs_ir_nill               000000000002a5d0 f   Ntfs:index.obj
 0001:0002a3e0       ntfs_ia_add                000000000002a660 f   Ntfs:index.obj
 0001:0002a4e0       ntfs_ibm_add               000000000002a760 f   Ntfs:index.obj
 0001:0002a5b0       ntfs_ir_truncate           000000000002a830 f   Ntfs:index.obj
 0001:0002a6f0       ntfs_ib_split              000000000002a970 f   Ntfs:index.obj
 0001:0002a810       ntfs_icx_parent_dec        000000000002aa90 f   Ntfs:index.obj
 0001:0002a8a0       ntfs_ie_get_median         000000000002ab20 f   Ntfs:index.obj
 0001:0002a970       ntfs_ib_copy_tail          000000000002abf0 f   Ntfs:index.obj
 0001:0002aa70       ntfs_ib_cut_tail           000000000002acf0 f   Ntfs:index.obj
 0001:0002ab60       ntfs_icx_parent_vcn        000000000002ade0 f   Ntfs:index.obj
 0001:0002ab80       ntfs_ir_insert_median      000000000002ae00 f   Ntfs:index.obj
 0001:0002aca0       ntfs_ih_insert             000000000002af20 f   Ntfs:index.obj
 0001:0002ad80       ntfs_ie_get_by_pos         000000000002b000 f   Ntfs:index.obj
 0001:0002add0       ntfs_ie_dup                000000000002b050 f   Ntfs:index.obj
 0001:0002ae30       ntfs_ie_add_vcn            000000000002b0b0 f   Ntfs:index.obj
 0001:0002aeb0       ntfs_icx_parent_pos        000000000002b130 f   Ntfs:index.obj
 0001:0002aed0       ntfs_ib_insert             000000000002b150 f   Ntfs:index.obj
 0001:0002b290       ntfs_icx_ib_write          000000000002b510 f   Ntfs:index.obj
 0001:0002b2d0       ntfs_ih_one_entry          000000000002b550 f   Ntfs:index.obj
 0001:0002b310       ntfs_ih_numof_entries      000000000002b590 f   Ntfs:index.obj
 0001:0002b390       ntfs_ie_delete             000000000002b610 f   Ntfs:index.obj
 0001:0002b410       ntfs_index_rm_leaf         000000000002b690 f   Ntfs:index.obj
 0001:0002b5c0       ntfs_ih_zero_entry         000000000002b840 f   Ntfs:index.obj
 0001:0002b600       ntfs_ih_takeout            000000000002b880 f   Ntfs:index.obj
 0001:0002b6c0       ntfs_ie_dup_novcn          000000000002b940 f   Ntfs:index.obj
 0001:0002b750       ntfs_ir_leafify            000000000002b9d0 f   Ntfs:index.obj
 0001:0002b7e0       ntfs_ih_reparent_end       000000000002ba60 f   Ntfs:index.obj
 0001:0002b860       ntfs_ie_prev               000000000002bae0 f   Ntfs:index.obj
 0001:0002b8c0       ntfs_index_rm_node         000000000002bb40 f   Ntfs:index.obj
 0001:0002bfa0       ntfs_index_walk_down       000000000002c220 f   Ntfs:index.obj
 0001:0002c0e0       ntfs_index_walk_up         000000000002c360 f   Ntfs:index.obj
 0001:0002cd50       lookup_cache_compare       000000000002cfd0 f   Ntfs:dir.obj
 0001:0002d3a0       inode_cache_compare        000000000002d620 f   Ntfs:dir.obj
 0001:0002e190       ntfs_filldir               000000000002e410 f   Ntfs:dir.obj
 0001:0002e520       ntfs_dir_entry_type        000000000002e7a0 f   Ntfs:dir.obj
 0001:0002e600       ntfs_interix_types         000000000002e880 f   Ntfs:dir.obj
 0001:0002e700       ntfs_mft_get_parent_ref    000000000002e980 f   Ntfs:dir.obj
 0001:0002e8f0       __ntfs_create              000000000002eb70 f   Ntfs:dir.obj
 0001:0002fe00       ntfs_attrs_walk            0000000000030080 f   Ntfs:dir.obj
 0001:0002fe50       inode_cache_inv_compare    00000000000300d0 f   Ntfs:dir.obj
 0001:0002ff80       lookup_cache_inv_compare   0000000000030200 f   Ntfs:dir.obj
 0001:00030010       ntfs_check_unlinkable_dir  0000000000030290 f   Ntfs:dir.obj
 0001:000300e0       ntfs_link_i                0000000000030360 f   Ntfs:dir.obj
 0001:00030dd0       ntfs_utf16_to_utf8         0000000000031050 f   Ntfs:unistr.obj
 0001:00031170       utf16_to_utf8_size         00000000000313f0 f   Ntfs:unistr.obj
 0001:00031330       ntfs_utf8_to_utf16         00000000000315b0 f   Ntfs:unistr.obj
 0001:000314f0       utf8_to_utf16_size         0000000000031770 f   Ntfs:unistr.obj
 0001:00031610       utf8_to_unicode            0000000000031890 f   Ntfs:unistr.obj
 0001:00031ee0       ntfs_rl_realloc            0000000000032160 f   Ntfs:runlist.obj
 0001:00031f90       ntfs_runlists_merge_i      0000000000032210 f   Ntfs:runlist.obj
 0001:00032a00       ntfs_rl_mm                 0000000000032c80 f   Ntfs:runlist.obj
 0001:00032a80       ntfs_rl_append             0000000000032d00 f   Ntfs:runlist.obj
 0001:00032c80       ntfs_rl_mc                 0000000000032f00 f   Ntfs:runlist.obj
 0001:00032cf0       ntfs_rl_are_mergeable      0000000000032f70 f   Ntfs:runlist.obj
 0001:00032db0       __ntfs_rl_merge            0000000000033030 f   Ntfs:runlist.obj
 0001:00032de0       ntfs_rl_insert             0000000000033060 f   Ntfs:runlist.obj
 0001:000331c0       ntfs_rl_replace            0000000000033440 f   Ntfs:runlist.obj
 0001:00033410       ntfs_rl_split              0000000000033690 f   Ntfs:runlist.obj
 0001:00033620       ntfs_mapping_pairs_decompress_i 00000000000338a0 f   Ntfs:runlist.obj
 0001:000357b0       ntfs_check_and_load_restart_page 0000000000035a30 f   Ntfs:logfile.obj
 0001:000359d0       ntfs_check_restart_page_header 0000000000035c50 f   Ntfs:logfile.obj
 0001:00035c00       ntfs_check_restart_area    0000000000035e80 f   Ntfs:logfile.obj
 0001:00035e10       ntfs_check_log_client_array 0000000000036090 f   Ntfs:logfile.obj
 0001:00036990       valid_reparse_data         0000000000036c10 f   Ntfs:reparse.obj
 0001:00036ad0       ntfs_get_fulllink          0000000000036d50 f   Ntfs:reparse.obj
 0001:00036e20       search_absolute            00000000000370a0 f   Ntfs:reparse.obj
 0001:00037050       ntfs_fix_file_name         00000000000372d0 f   Ntfs:reparse.obj
 0001:000373a0       ntfs_drive_letter          0000000000037620 f   Ntfs:reparse.obj
 0001:000374e0       ntfs_get_abslink           0000000000037760 f   Ntfs:reparse.obj
 0001:000377e0       ntfs_get_rellink           0000000000037a60 f   Ntfs:reparse.obj
 0001:00037820       search_relative            0000000000037aa0 f   Ntfs:reparse.obj
 0001:00037d30       remove_reparse_index       0000000000037fb0 f   Ntfs:reparse.obj
 0001:00037e40       open_reparse_index         00000000000380c0 f   Ntfs:reparse.obj
 0001:00039110       ntfs_decompress            0000000000039390 f   Ntfs:compress.obj
 0001:00039700       ntfs_is_cb_compressed      0000000000039980 f   Ntfs:compress.obj
 0001:0003a0d0       read_clusters              000000000003a350 f   Ntfs:compress.obj
 0001:0003a250       ntfs_comp_set              000000000003a4d0 f   Ntfs:compress.obj
 0001:0003a5b0       ntfs_compress_block        000000000003a830 f   Ntfs:compress.obj
 0001:0003aaf0       ntfs_best_match            000000000003ad70 f   Ntfs:compress.obj
 0001:0003ad60       write_clusters             000000000003afe0 f   Ntfs:compress.obj
 0001:0003aef0       valid_compressed_run       000000000003b170 f   Ntfs:compress.obj
 0001:0003b020       ntfs_compress_free         000000000003b2a0 f   Ntfs:compress.obj
 0001:0003b560       ntfs_compress_overwr_free  000000000003b7e0 f   Ntfs:compress.obj
 0001:0003c1b0       ntfs_read_append           000000000003c430 f   Ntfs:compress.obj
 0001:0003c320       ntfs_flush                 000000000003c5a0 f   Ntfs:compress.obj
 0001:0003d5c0       ntfs_debug_runlist_dump    000000000003d840 f   Ntfs:lcnalloc.obj
 0001:0003d5c0       ntfs_debug_runlist_dump    000000000003d840 f   Ntfs:lcnalloc.obj
 0001:0003d5d0       ntfs_cluster_update_zone_pos 000000000003d850 f   Ntfs:lcnalloc.obj
 0001:0003d680       ntfs_cluster_set_zone_pos  000000000003d900 f   Ntfs:lcnalloc.obj
 0001:0003d6d0       max_empty_bit_range        000000000003d950 f   Ntfs:lcnalloc.obj
 0001:0003d890       bitmap_writeback           000000000003db10 f   Ntfs:lcnalloc.obj
 0001:0003dac0       update_full_status         000000000003dd40 f   Ntfs:lcnalloc.obj
 0001:0003eac0       ntfs_bitmap_set_bits_in_run 000000000003ed40 f   Ntfs:bitmap.obj
 0001:0003f2c0       ntfs_collate_binary        000000000003f540 f   Ntfs:collate.obj
 0001:0003f350       ntfs_collate_ntofs_ulong   000000000003f5d0 f   Ntfs:collate.obj
 0001:0003f3e0       ntfs_collate_ntofs_ulongs  000000000003f660 f   Ntfs:collate.obj
 0001:0003f4d0       ntfs_collate_ntofs_security_hash 000000000003f750 f   Ntfs:collate.obj
 0001:0003f5d0       ntfs_collate_file_name     000000000003f850 f   Ntfs:collate.obj
 0001:0003fa10       open_object_id_index       000000000003fc90 f   Ntfs:object_id.obj
 0001:0003fad0       remove_object_id_index     000000000003fd50 f   Ntfs:object_id.obj
